Using Python 3.12.14 environment at: /opt/venv
Resolved 235 packages in 1.05s
warning: Failed to hardlink files; falling back to full copy. This may lead to degraded performance.
         If the cache and target directories are on different filesystems, hardlinking may not be supported.
         If this is intentional, set `export UV_LINK_MODE=copy` or use `--link-mode=copy` to suppress this warning.
Installed 235 packages in 5.73s
 + adyen==4.0.0
 + amqp==5.3.1
 + aniso8601==7.0.0
 + annotated-types==0.7.0
 + anyio==4.10.0
 + asgiref==3.9.1
 + asttokens==3.0.0
 + authlib==1.6.4
 + authorizenet==1.1.6
 + azure-common==1.1.28
 + azure-core==1.35.0
 + azure-storage-blob==12.26.0
 + azure-storage-common==2.1.0
 + babel==2.17.0
 + bcrypt==4.3.0
 + beautifulsoup4==4.7.1
 + beautifultable==0.7.0
 + billiard==4.2.1
 + boto3==1.40.30
 + botocore==1.40.35
 + braintree==4.31.0
 + cachetools==5.5.2
 + celery==5.5.3
 + certifi==2025.8.3
 + cffi==1.17.1
 + cfgv==3.4.0
 + charset-normalizer==3.4.3
 + click==8.2.1
 + click-didyoumean==0.3.1
 + click-plugins==1.1.1.2
 + click-repl==0.3.0
 + colorama==0.4.6
 + coverage==7.10.7
 + cron-descriptor==2.0.5
 + cryptography==44.0.3
 + debugpy==1.8.16
 + decorator==5.2.1
 + deprecated==1.2.18
 + deptry==0.23.1
 + distlib==0.4.0
 + dj-database-url==2.3.0
 + dj-email-url==1.0.6
 + django==5.2.5
 + django-appconf==1.1.0
 + django-cache-url==3.4.5
 + django-celery-beat==2.8.1
 + django-countries==7.6.1
 + django-extensions==4.1
 + django-filter==25.1
 + django-js-asset==3.1.2
 + django-measurement==3.2.4
 + django-mptt==0.18.0
 + django-phonenumber-field==8.1.0
 + django-storages==1.14.6
 + django-stubs==5.2.2
 + django-stubs-ext==5.2.5
 + django-timezone-field==7.1
 + docker==7.1.0
 + draftjs-sanitizer==1.0.0
 + ecdsa==0.19.1
 + et-xmlfile==2.0.0
 + execnet==2.1.1
 + executing==2.2.0
 + faker==26.3.0
 + fakeredis==2.31.1
 + filelock==3.19.1
 + freezegun==1.5.5
 + google-api-core==2.25.1
 + google-auth==2.40.3
 + google-cloud-core==2.4.3
 + google-cloud-pubsub==2.31.1
 + google-cloud-storage==2.19.0
 + google-crc32c==1.7.1
 + google-i18n-address==3.1.1
 + google-resumable-media==2.7.2
 + googleapis-common-protos==1.70.0
 + graphene==2.1.9
 + graphql-core==2.3.2
 + graphql-relay==2.0.1
 + grpc-google-iam-v1==0.14.2
 + grpcio==1.74.0
 + grpcio-status==1.71.2
 + h11==0.16.0
 + html-to-draftjs==1.0.1
 + httptools==0.6.4
 + identify==2.6.13
 + idna==3.10
 + importlib-metadata==8.6.1
 + iniconfig==2.1.0
 + ipdb==0.13.13
 + ipython==9.5.0
 + ipython-pygments-lexers==1.1.1
 + isodate==0.7.2
 + jedi==0.19.2
 + jinja2==3.1.6
 + jmespath==1.0.1
 + kombu==5.5.4
 + linkify-it-py==2.0.3
 + lxml==4.9.4
 + markdown==3.9
 + markdown-it-py==4.0.0
 + markupsafe==3.0.2
 + matplotlib-inline==0.1.7
 + mdit-py-plugins==0.5.0
 + mdurl==0.1.2
 + measurement==3.2.2
 + memray==1.18.0
 + micawber==0.5.6
 + mpmath==1.3.0
 + multidict==6.6.4
 + mypy==1.17.1
 + mypy-extensions==1.1.0
 + nodeenv==1.9.1
 + oauthlib==3.3.1
 + openpyxl==3.1.5
 + opentelemetry-api==1.32.1
 + opentelemetry-distro==0.53b1
 + opentelemetry-exporter-otlp==1.32.1
 + opentelemetry-exporter-otlp-proto-common==1.32.1
 + opentelemetry-exporter-otlp-proto-grpc==1.32.1
 + opentelemetry-exporter-otlp-proto-http==1.32.1
 + opentelemetry-instrumentation==0.53b1
 + opentelemetry-proto==1.32.1
 + opentelemetry-sdk==1.32.1
 + opentelemetry-semantic-conventions==0.53b1
 + packaging==25.0
 + parso==0.8.5
 + pastel==0.2.1
 + pathspec==0.12.1
 + petl==1.7.17
 + pexpect==4.9.0
 + phonenumberslite==9.0.14
 + pillow==11.3.0
 + pillow-avif-plugin==1.5.2
 + platformdirs==4.4.0
 + pluggy==1.6.0
 + poethepoet==0.32.2
 + posuto==2025.9.0
 + pre-commit==4.3.0
 + prices==1.1.1
 + promise==2.3
 + prompt-toolkit==3.0.52
 + propcache==0.3.2
 + proto-plus==1.26.1
 + protobuf==5.29.5
 + psutil==7.0.0
 + psycopg==3.2.9
 + psycopg-binary==3.2.9
 + ptyprocess==0.7.0
 + pure-eval==0.2.3
 + pyasn1==0.6.1
 + pyasn1-modules==0.4.2
 + pybars3==0.9.7
 + pycparser==2.22
 + pydantic==2.11.9
 + pydantic-core==2.33.2
 + pygments==2.19.2
 + pyjwt==2.10.1
 + pymeta3==0.5.1
 + pytest==8.4.2
 + pytest-asyncio==1.1.0
 + pytest-celery==1.2.1
 + pytest-cov==6.3.0
 + pytest-django==4.11.1
 + pytest-django-queries==1.2.0
 + pytest-docker-tools==3.1.9
 + pytest-memray==1.8.0
 + pytest-mock==3.15.1
 + pytest-recording==0.13.4
 + pytest-socket==0.7.0
 + pytest-xdist==3.8.0
 + python-crontab==3.3.0
 + python-dateutil==2.9.0.post0
 + python-dotenv==1.1.1
 + python-http-client==3.3.7
 + python-json-logger==3.2.1
 + python-magic==0.4.27
 + pytimeparse==1.1.8
 + pywatchman==2.0.0
 + pyxb-x==1.2.6.3
 + pyyaml==6.0.2
 + razorpay==1.4.2
 + redis==5.2.1
 + requests==2.32.5
 + requests-hardened==1.1.1
 + requirements-parser==0.13.0
 + rich==14.1.0
 + rsa==4.9.1
 + ruff==0.12.12
 + rx==1.6.3
 + s3transfer==0.14.0
 + semantic-version==2.10.0
 + sendgrid==6.12.4
 + sentry-sdk==2.38.0
 + setuptools==76.1.0
 + six==1.17.0
 + sniffio==1.3.1
 + sortedcontainers==2.4.0
 + soupsieve==2.8
 + sqlparse==0.5.3
 + stack-data==0.6.3
 + stripe==3.5.0
 + sympy==1.14.0
 + tenacity==9.1.2
 + text-unidecode==1.3
 + textual==6.0.0
 + traitlets==5.14.3
 + types-certifi==2021.10.8.3
 + types-cffi==1.17.0.20250822
 + types-freezegun==1.1.10
 + types-mock==5.2.0.20250809
 + types-pyopenssl==24.1.0.20240722
 + types-python-dateutil==2.9.0.20250822
 + types-pyyaml==6.0.12.20250822
 + types-redis==4.6.0.20241004
 + types-requests==2.32.4.20250913
 + types-setuptools==80.9.0.20250822
 + types-six==1.17.0.20250515
 + typing-extensions==4.15.0
 + typing-inspection==0.4.1
 + tzdata==2025.2
 + uc-micro-py==1.0.3
 + urllib3==2.5.0
 + uvicorn==0.32.1
 + uvloop==0.21.0
 + vcrpy==7.0.0
 + vine==5.1.0
 + virtualenv==20.34.0
 + watchfiles==1.1.0
 + wcwidth==0.2.13
 + websockets==15.0.1
 + werkzeug==3.1.3
 + wrapt==1.17.3
 + yarl==1.20.1
 + zipp==3.23.0
NO_LOCKED_DEV_GROUP
Using Python 3.12.14 environment at: /opt/venv
Resolved 12 packages in 273ms
warning: Failed to hardlink files; falling back to full copy. This may lead to degraded performance.
         If the cache and target directories are on different filesystems, hardlinking may not be supported.
         If this is intentional, set `export UV_LINK_MODE=copy` or use `--link-mode=copy` to suppress this warning.
Installed 1 package in 24ms
 + wheel==0.48.0
