........................................................................ [ 40%]
........................................................................ [ 81%]
................................                                         [100%]
=============================== warnings summary ===============================
saleor/settings.py:204
  /workspace/2d45b76a52f2_c400_p/saleor/settings.py:204: UserWarning: SECRET_KEY not configured, using a random temporary key.
    warnings.warn("SECRET_KEY not configured, using a random temporary key.")

../../opt/venv/lib/python3.9/site-packages/_pytest/config/__init__.py:1474
  /opt/venv/lib/python3.9/site-packages/_pytest/config/__init__.py:1474: PytestConfigWarning: Unknown config option: asyncio_mode
  
    self._warn_or_fail_if_strict(f"Unknown config option: {key}\n")

-- Docs: https://docs.pytest.org/en/stable/how-to/capture-warnings.html
- generated xml file: /workspace/2d45b76a52f2_c400_p/2d45b76a52f2_c400_p_r0_c0.xml -
176 passed, 2 warnings in 148.63s (0:02:28)
RUN_0_RC=0
........................................................................ [ 40%]
........................................................................ [ 81%]
................................                                         [100%]
=============================== warnings summary ===============================
saleor/settings.py:204
  /workspace/2d45b76a52f2_c400_p/saleor/settings.py:204: UserWarning: SECRET_KEY not configured, using a random temporary key.
    warnings.warn("SECRET_KEY not configured, using a random temporary key.")

../../opt/venv/lib/python3.9/site-packages/_pytest/config/__init__.py:1474
  /opt/venv/lib/python3.9/site-packages/_pytest/config/__init__.py:1474: PytestConfigWarning: Unknown config option: asyncio_mode
  
    self._warn_or_fail_if_strict(f"Unknown config option: {key}\n")

-- Docs: https://docs.pytest.org/en/stable/how-to/capture-warnings.html
- generated xml file: /workspace/2d45b76a52f2_c400_p/2d45b76a52f2_c400_p_r1_c0.xml -
176 passed, 2 warnings in 17.64s
RUN_1_RC=0
........................................................................ [ 40%]
........................................................................ [ 81%]
................................                                         [100%]
=============================== warnings summary ===============================
saleor/settings.py:204
  /workspace/2d45b76a52f2_c400_p/saleor/settings.py:204: UserWarning: SECRET_KEY not configured, using a random temporary key.
    warnings.warn("SECRET_KEY not configured, using a random temporary key.")

../../opt/venv/lib/python3.9/site-packages/_pytest/config/__init__.py:1474
  /opt/venv/lib/python3.9/site-packages/_pytest/config/__init__.py:1474: PytestConfigWarning: Unknown config option: asyncio_mode
  
    self._warn_or_fail_if_strict(f"Unknown config option: {key}\n")

-- Docs: https://docs.pytest.org/en/stable/how-to/capture-warnings.html
- generated xml file: /workspace/2d45b76a52f2_c400_p/2d45b76a52f2_c400_p_r2_c0.xml -
176 passed, 2 warnings in 15.66s
RUN_2_RC=0
