Using Python 3.12.14 environment at: /opt/venv
Resolved 143 packages in 2.51s
   Building pyxb @ file:///workspace/74538ea00ce9_v31_new_t/vendored/pyxb
   Building authorizenet @ file:///workspace/74538ea00ce9_v31_new_t/vendored/authorizenet
   Building saleor @ file:///workspace/74538ea00ce9_v31_new_t
      Built authorizenet @ file:///workspace/74538ea00ce9_v31_new_t/vendored/authorizenet
      Built saleor @ file:///workspace/74538ea00ce9_v31_new_t
      Built pyxb @ file:///workspace/74538ea00ce9_v31_new_t/vendored/pyxb
Prepared 3 packages in 366ms
warning: Failed to hardlink files; falling back to full copy. This may lead to degraded performance.
         If the cache and target directories are on different filesystems, hardlinking may not be supported.
         If this is intentional, set `export UV_LINK_MODE=copy` or use `--link-mode=copy` to suppress this warning.
Installed 143 packages in 5.13s
 + adyen==4.0.0
 + amqp==5.4.0
 + aniso8601==7.0.0
 + anyio==4.15.1
 + asgiref==3.12.1
 + authlib==1.6.12
 + authorizenet==1.1.4 (from file:///workspace/74538ea00ce9_v31_new_t/vendored/authorizenet)
 + azure-common==1.1.28
 + azure-core==1.41.0
 + azure-storage-blob==12.30.3
 + azure-storage-common==2.1.0
 + babel==2.14.0
 + bcrypt==5.0.0
 + beautifulsoup4==4.7.1
 + billiard==4.3.0
 + boto3==1.43.103
 + botocore==1.43.103
 + braintree==4.29.0
 + celery==5.6.3
 + certifi==2026.7.22
 + cffi==2.1.1
 + charset-normalizer==3.5.1
 + click==8.5.0
 + click-didyoumean==0.3.1
 + click-plugins==1.1.1.2
 + click-repl==0.4.0
 + cron-descriptor==1.4.5
 + cryptography==43.0.3
 + dj-database-url==2.3.0
 + dj-email-url==1.0.6
 + django==4.2.30
 + django-appconf==1.2.0
 + django-cache-url==3.4.6
 + django-celery-beat==2.9.0
 + django-countries==7.6.1
 + django-filter==23.5
 + django-js-asset==4.2.0
 + django-measurement==3.2.4
 + django-mptt==0.18.0
 + django-phonenumber-field==7.3.0
 + django-prices==2.4.0
 + django-storages==1.14.6
 + django-stubs-ext==4.2.7
 + django-timezone-field==7.2.2
 + draftjs-sanitizer==1.0.0
 + ecdsa==0.19.2
 + faker==26.3.0
 + google-api-core==2.39.0
 + google-auth==2.58.1
 + google-cloud-core==2.7.0
 + google-cloud-pubsub==2.41.0
 + google-cloud-storage==2.19.0
 + google-crc32c==1.9.0
 + google-i18n-address==3.1.1
 + google-resumable-media==2.10.2
 + googleapis-common-protos==1.75.4
 + graphene==2.1.9
 + graphql-core==2.3.2
 + graphql-relay==2.0.1
 + grpc-google-iam-v1==0.14.5
 + grpcio==1.84.0
 + grpcio-status==1.84.0
 + gunicorn==22.0.0
 + h11==0.16.0
 + html-to-draftjs==1.0.1
 + html2text==2024.2.26
 + httptools==0.8.0
 + idna==3.20
 + isodate==0.7.2
 + jaeger-client==4.8.0
 + jmespath==1.1.0
 + kombu==5.6.2
 + lxml==4.9.4
 + markdown==3.11
 + markupsafe==3.0.3
 + measurement==3.2.2
 + micawber==0.5.6
 + mpmath==1.3.0
 + oauthlib==3.3.1
 + opentelemetry-api==1.45.0
 + opentelemetry-sdk==1.45.0
 + opentelemetry-semantic-conventions==0.66b0
 + opentracing==2.4.0
 + packaging==26.3
 + petl==1.7.15
 + phonenumberslite==8.13.55
 + pillow==10.4.0
 + pillow-avif-plugin==1.6.0
 + posuto==2024.12.0
 + prices==1.1.1
 + promise==2.3
 + prompt-toolkit==3.0.53
 + proto-plus==1.28.4
 + protobuf==7.36.2
 + psycopg==3.3.6
 + psycopg-binary==3.3.6
 + pyasn1==0.6.4
 + pyasn1-modules==0.4.2
 + pybars3==0.9.7
 + pycparser==3.0
 + pyjwt==2.15.0
 + pymeta3==0.5.1
 + python-crontab==3.4.0
 + python-dateutil==2.9.0.post0
 + python-dotenv==1.2.3
 + python-http-client==3.3.7
 + python-json-logger==2.0.7
 + python-magic==0.4.27
 + pytimeparse==1.1.8
 + pytz==2024.2
 + pyxb==1.2.5 (from file:///workspace/74538ea00ce9_v31_new_t/vendored/pyxb)
 + pyyaml==6.0.3
 + razorpay==1.4.2
 + redis==5.3.1
 + requests==2.34.2
 + requests-hardened==1.0.0b4
 + rx==1.6.3
 + s3transfer==0.19.2
 + saleor==3.21.0a0 (from file:///workspace/74538ea00ce9_v31_new_t)
 + semantic-version==2.10.0
 + sendgrid==6.12.4
 + sentry-sdk==2.70.0
 + setuptools==71.1.0
 + six==1.17.0
 + soupsieve==2.10
 + sqlparse==0.6.0
 + stripe==3.5.0
 + sympy==1.14.0
 + text-unidecode==1.3
 + threadloop==1.0.2
 + thrift==0.24.0
 + tornado==6.5.10
 + typing-extensions==4.16.0
 + tzdata==2026.4
 + tzlocal==5.4.4
 + urllib3==1.26.20
 + uvicorn==0.23.2
 + uvloop==0.22.1
 + vine==5.1.0
 + watchfiles==1.3.0
 + wcwidth==0.9.1
 + websockets==17.1
 + werkzeug==3.1.8
Using Python 3.12.14 environment at: /opt/venv
  × No solution found when resolving dependencies:
  ╰─▶ Because python-magic-bin==0.4.14 has no wheels with a matching
      platform tag (e.g., `manylinux_2_41_x86_64`) and you require
      python-magic-bin==0.4.14, we can conclude that your requirements are
      unsatisfiable.

hint: Wheels are available for `python-magic-bin` (v0.4.14) on the following platforms: `macosx_10_6_intel`, `win32`, `win_amd64`DEV_RETRY_R1 dropped=1
Using Python 3.12.14 environment at: /opt/venv
  × No solution found when resolving dependencies:
  ╰─▶ Because pywin32==306 has no wheels with a matching platform tag (e.g.,
      `manylinux_2_41_x86_64`) and you require pywin32==306, we can conclude
      that your requirements are unsatisfiable.

hint: Wheels are available for `pywin32` (v306) on the following platforms: `win32`, `win_amd64`, `win_arm64`DEV_RETRY_R2 dropped=2
Using Python 3.12.14 environment at: /opt/venv
Resolved 199 packages in 43ms
Downloading pygments (1.1MiB)
Downloading cryptography (3.8MiB)
Downloading uvloop (4.0MiB)
Downloading psycopg-binary (4.0MiB)
Downloading django (7.6MiB)
Downloading debugpy (1.4MiB)
Downloading grpcio (5.4MiB)
Downloading sympy (5.9MiB)
Downloading botocore (11.9MiB)
Downloading mypy (11.8MiB)
Downloading memray (8.0MiB)
Downloading pillow-avif-plugin (14.0MiB)
   Building posuto==2024.9.0
   Building peewee==3.17.6
   Building thrift==0.20.0
      Built peewee==3.17.6
      Built posuto==2024.9.0
      Built thrift==0.20.0
 Downloaded pygments
 Downloaded debugpy
 Downloaded cryptography
 Downloaded uvloop
 Downloaded psycopg-binary
 Downloaded grpcio
 Downloaded sympy
 Downloaded django
 Downloaded memray
 Downloaded mypy
 Downloaded botocore
 Downloaded pillow-avif-plugin
Prepared 83 packages in 3m 34s
Uninstalled 83 packages in 2.03s
warning: Failed to hardlink files; falling back to full copy. This may lead to degraded performance.
         If the cache and target directories are on different filesystems, hardlinking may not be supported.
         If this is intentional, set `export UV_LINK_MODE=copy` or use `--link-mode=copy` to suppress this warning.
Installed 181 packages in 3.82s
 - amqp==5.4.0
 + amqp==5.2.0
 - anyio==4.15.1
 + anyio==4.4.0
 - asgiref==3.12.1
 + asgiref==3.8.1
 + attrs==24.2.0
 - authlib==1.6.12
 + authlib==1.3.2
 - azure-core==1.41.0
 + azure-core==1.30.2
 - azure-storage-blob==12.30.3
 + azure-storage-blob==12.22.0
 - bcrypt==5.0.0
 + bcrypt==4.2.0
 + beautifultable==0.7.0
 + before-after==1.0.1
 - billiard==4.3.0
 + billiard==4.2.0
 + boltons==21.0.0
 - boto3==1.43.103
 + boto3==1.35.14
 - botocore==1.43.103
 + botocore==1.35.14
 + bracex==2.5
 + cachetools==5.5.0
 - celery==5.6.3
 + celery==5.4.0
 - certifi==2026.7.22
 + certifi==2024.8.30
 - cffi==2.1.1
 + cffi==1.17.1
 + cfgv==3.4.0
 - charset-normalizer==3.5.1
 + charset-normalizer==3.3.2
 - click==8.5.0
 + click==8.1.7
 + click-option-group==0.5.6
 - click-plugins==1.1.1.2
 + click-plugins==1.1.1
 - click-repl==0.4.0
 + click-repl==0.3.0
 + colorama==0.4.6
 + coverage==7.6.1
 - cryptography==43.0.3
 + cryptography==43.0.1
 + debugpy==1.8.5
 + defusedxml==0.7.1
 + deptry==0.17.0
 + distlib==0.3.8
 - dj-database-url==2.3.0
 + dj-database-url==2.2.0
 - django==4.2.30
 + django==4.2.16
 - django-appconf==1.2.0
 + django-appconf==1.0.6
 - django-cache-url==3.4.6
 + django-cache-url==3.4.5
 - django-celery-beat==2.9.0
 + django-celery-beat==2.7.0
 + django-debug-toolbar==4.4.6
 + django-debug-toolbar-request-history==0.1.4
 + django-extensions==3.2.3
 + django-graphiql-debug-toolbar==0.2.0
 - django-js-asset==4.2.0
 + django-js-asset==2.2.0
 - django-mptt==0.18.0
 + django-mptt==0.16.0
 - django-prices==2.4.0
 + django-prices==2.3.0
 - django-storages==1.14.6
 + django-storages==1.14.4
 + django-stubs==4.2.7
 - django-timezone-field==7.2.2
 + django-timezone-field==7.0
 + docker==7.1.0
 + enmerkar==0.7.1
 + et-xmlfile==1.1.0
 + execnet==2.1.1
 + face==22.0.0
 + fakeredis==2.24.1
 + filelock==3.16.0
 + freezegun==1.5.1
 + glom==22.1.0
 - google-api-core==2.39.0
 + google-api-core==2.19.2
 - google-auth==2.58.1
 + google-auth==2.34.0
 - google-cloud-core==2.7.0
 + google-cloud-core==2.4.1
 - google-cloud-pubsub==2.41.0
 + google-cloud-pubsub==2.23.0
 - google-cloud-storage==2.19.0
 + google-cloud-storage==2.18.2
 - google-crc32c==1.9.0
 + google-crc32c==1.6.0
 - google-resumable-media==2.10.2
 + google-resumable-media==2.7.2
 - googleapis-common-protos==1.75.4
 + googleapis-common-protos==1.65.0
 + graphene-django==2.16.0
 - grpc-google-iam-v1==0.14.5
 + grpc-google-iam-v1==0.13.1
 - grpcio==1.84.0
 + grpcio==1.66.1
 - grpcio-status==1.84.0
 + grpcio-status==1.66.1
 - h11==0.16.0
 + h11==0.14.0
 - httptools==0.8.0
 + httptools==0.6.1
 + identify==2.6.0
 - idna==3.20
 + idna==3.8
 + iniconfig==2.0.0
 - isodate==0.7.2
 + isodate==0.6.1
 + jinja2==3.1.4
 - jmespath==1.1.0
 + jmespath==1.0.1
 + jsonschema==4.23.0
 + jsonschema-specifications==2023.12.1
 - kombu==5.6.2
 + kombu==5.4.0
 + linkify-it-py==2.0.3
 - markdown==3.11
 + markdown==3.7
 + markdown-it-py==3.0.0
 - markupsafe==3.0.3
 + markupsafe==2.1.5
 + mdit-py-plugins==0.4.1
 + mdurl==0.1.2
 + memray==1.13.4
 - micawber==0.5.6
 + micawber==0.5.5
 + mock==1.0.1
 + multidict==6.0.5
 + mypy==1.7.1
 + mypy-extensions==1.0.0
 + nodeenv==1.9.1
 - oauthlib==3.3.1
 + oauthlib==3.2.2
 + openpyxl==3.1.5
 - packaging==26.3
 + packaging==24.1
 + peewee==3.17.6
 - phonenumberslite==8.13.55
 + phonenumberslite==8.13.45
 - pillow-avif-plugin==1.6.0
 + pillow-avif-plugin==1.4.6
 + platformdirs==4.3.2
 + pluggy==1.5.0
 - posuto==2024.12.0
 + posuto==2024.9.0
 + pre-commit==3.8.0
 - prompt-toolkit==3.0.53
 + prompt-toolkit==3.0.47
 - proto-plus==1.28.4
 + proto-plus==1.24.0
 - protobuf==7.36.2
 + protobuf==5.28.0
 + psutil==6.0.0
 - psycopg==3.3.6
 + psycopg==3.2.1
 - psycopg-binary==3.3.6
 + psycopg-binary==3.2.1
 - pyasn1==0.6.4
 + pyasn1==0.6.0
 - pyasn1-modules==0.4.2
 + pyasn1-modules==0.4.0
 - pycparser==3.0
 + pycparser==2.22
 + pygments==2.18.0
 - pyjwt==2.15.0
 + pyjwt==2.9.0
 + pytest==8.3.2
 + pytest-asyncio==0.23.8
 + pytest-celery==1.0.1
 + pytest-cov==5.0.0
 + pytest-django==4.8.0
 + pytest-django-queries==1.2.0
 + pytest-docker-tools==3.1.3
 + pytest-memray==1.7.0
 + pytest-mock==3.14.0
 + pytest-recording==0.13.2
 + pytest-socket==0.7.0
 + pytest-xdist==3.6.1
 - python-crontab==3.4.0
 + python-crontab==3.2.0
 - python-dotenv==1.2.3
 + python-dotenv==1.0.1
 - pytz==2024.2
 + pytz==2024.1
 + pywatchman==2.0.0
 - pyyaml==6.0.3
 + pyyaml==6.0.2
 - redis==5.3.1
 + redis==5.0.8
 + referencing==0.35.1
 - requests==2.34.2
 + requests==2.32.3
 + rich==13.8.0
 + rpds-py==0.20.0
 + rsa==4.9
 + ruamel-yaml==0.17.40
 + ruamel-yaml-clib==0.2.8
 + ruff==0.5.7
 - s3transfer==0.19.2
 + s3transfer==0.10.2
 + semgrep==1.52.0
 - sendgrid==6.12.4
 + sendgrid==6.11.0
 - sentry-sdk==2.70.0
 + sentry-sdk==2.14.0
 + singledispatch==4.1.0
 - six==1.17.0
 + six==1.16.0
 + sniffio==1.3.1
 + sortedcontainers==2.4.0
 - soupsieve==2.10
 + soupsieve==2.6
 - sqlparse==0.6.0
 + sqlparse==0.5.1
 + starkbank-ecdsa==2.2.0
 - sympy==1.14.0
 + sympy==1.13.2
 + tenacity==9.0.0
 + textual==0.79.1
 - thrift==0.24.0
 + thrift==0.20.0
 + tomli==2.0.1
 - tornado==6.5.10
 + tornado==6.4.1
 + types-certifi==2021.10.8.3
 + types-cffi==1.16.0.20240331
 + types-freezegun==1.1.10
 + types-mock==5.1.0.20240425
 + types-pyopenssl==24.1.0.20240722
 + types-python-dateutil==2.9.0.20240906
 + types-pytz==2024.1.0.20240417
 + types-pyyaml==6.0.12.20240808
 + types-redis==4.6.0.20240903
 + types-requests==2.31.0.6
 + types-setuptools==74.1.0.20240907
 + types-six==1.16.21.20240513
 + types-urllib3==1.26.25.14
 - typing-extensions==4.16.0
 + typing-extensions==4.12.2
 - tzdata==2026.4
 + tzdata==2024.1
 + uc-micro-py==1.0.3
 - uvloop==0.22.1
 + uvloop==0.20.0
 + vcrpy==6.0.1
 + virtualenv==20.26.4
 - watchfiles==1.3.0
 + watchfiles==0.24.0
 + wcmatch==8.5.2
 - wcwidth==0.9.1
 + wcwidth==0.2.13
 - websockets==17.1
 + websockets==13.0.1
 + wrapt==1.16.0
 + yarl==1.11.0
DEV_INSTALL_OK
Using Python 3.12.14 environment at: /opt/venv
Resolved 11 packages in 6ms
Uninstalled 1 package in 0.99ms
warning: Failed to hardlink files; falling back to full copy. This may lead to degraded performance.
         If the cache and target directories are on different filesystems, hardlinking may not be supported.
         If this is intentional, set `export UV_LINK_MODE=copy` or use `--link-mode=copy` to suppress this warning.
Installed 2 packages in 23ms
 - pytest-django==4.8.0
 + pytest-django==4.11.1
 + wheel==0.48.0
