Using Python 3.9.25 environment at: /opt/venv
Resolved 140 packages in 470ms
warning: Failed to hardlink files; falling back to full copy. This may lead to degraded performance.
         If the cache and target directories are on different filesystems, hardlinking may not be supported.
         If this is intentional, set `export UV_LINK_MODE=copy` or use `--link-mode=copy` to suppress this warning.
Installed 140 packages in 4.61s
 + adyen==3.1.0
 + amqp==5.0.2
 + aniso8601==7.0.0
 + asgiref==3.3.1
 + babel==2.9.0
 + beautifulsoup4==4.7.1
 + billiard==3.6.3.0
 + boto3==1.16.32
 + botocore==1.19.32
 + braintree==4.5.0
 + cachetools==4.1.1
 + cairocffi==1.2.0
 + cairosvg==2.5.0
 + celery==5.0.4
 + certifi==2020.12.5
 + cffi==1.14.4
 + chardet==3.0.4
 + click==7.1.2
 + click-didyoumean==0.0.3
 + click-plugins==1.1.1
 + click-repl==0.1.6
 + cssselect2==0.4.1
 + defusedxml==0.6.0
 + dj-database-url==0.5.0
 + dj-email-url==1.0.1
 + django==3.1.4
 + django-appconf==1.0.4
 + django-cache-url==3.1.2
 + django-countries==6.1.3
 + django-filter==2.4.0
 + django-js-asset==1.2.2
 + django-measurement==3.2.3
 + django-mptt==0.11.0
 + django-phonenumber-field==5.0.0
 + django-prices==2.2.0
 + django-prices-openexchangerates==1.1.0
 + django-prices-vatlayer==1.1.0
 + django-redis==4.12.1
 + django-render-block==0.8.1
 + django-storages==1.11
 + django-templated-email==2.3.0
 + django-versatileimagefield==2.0
 + draftjs-sanitizer==1.0.0
 + enmerkar==0.7.1
 + et-xmlfile==1.0.1
 + faker==4.18.0
 + freezegun==0.3.15
 + google-api-core==1.23.0
 + google-auth==1.23.0
 + google-cloud-core==1.4.4
 + google-cloud-pubsub==2.2.0
 + google-cloud-storage==1.33.0
 + google-crc32c==1.0.0
 + google-i18n-address==2.4.0
 + google-measurement-protocol==1.1.0
 + google-resumable-media==1.1.0
 + googleapis-common-protos==1.52.0
 + graphene==2.1.8
 + graphene-django==2.13.0
 + graphene-federation==0.1.0
 + graphql-core==2.3.2
 + graphql-relay==2.0.1
 + grpc-google-iam-v1==0.12.3
 + grpcio==1.34.0
 + gunicorn==20.0.4
 + h11==0.11.0
 + html-to-draftjs==1.0.1
 + html5lib==1.1
 + httptools==0.1.1
 + idna==2.10
 + jaeger-client==4.3.0
 + jdcal==1.4.1
 + jmespath==0.10.0
 + jsonfield==3.1.0
 + kombu==5.0.2
 + libcst==0.3.15
 + lxml==4.6.2
 + markdown==3.3.3
 + maxminddb==2.0.3
 + maxminddb-geolite2==2018.703
 + measurement==3.2.0
 + mpmath==1.1.0
 + mypy-extensions==0.4.3
 + oauthlib==3.1.0
 + openpyxl==3.0.5
 + opentracing==2.4.0
 + petl==1.6.8
 + phonenumberslite==8.12.14
 + pillow==8.0.1
 + prices==1.1.0
 + promise==2.3
 + prompt-toolkit==3.0.8
 + proto-plus==1.13.0
 + protobuf==3.14.0
 + psycopg2-binary==2.8.6
 + purl==1.5
 + pyasn1==0.4.8
 + pyasn1-modules==0.2.8
 + pycparser==2.20
 + pyjwt==1.7.1
 + pyphen==0.10.0
 + python-dateutil==2.8.1
 + python-dotenv==0.15.0
 + python-json-logger==2.0.1
 + python-magic==0.4.18
 + pytimeparse==1.1.8
 + pytz==2020.4
 + pyyaml==5.3.1
 + razorpay==1.2.0
 + redis==3.5.3
 + requests==2.25.0
 + rsa==4.6
 + rx==1.6.1
 + s3transfer==0.3.3
 + sentry-sdk==0.19.4
 + setuptools==82.0.1
 + singledispatch==3.4.0.3
 + six==1.15.0
 + soupsieve==2.0.1
 + sqlparse==0.4.1
 + stripe==2.55.1
 + sympy==1.7
 + text-unidecode==1.3
 + threadloop==1.0.2
 + thrift==0.13.0
 + tinycss2==1.1.0
 + tornado==6.1
 + tqdm==4.54.1
 + typing-extensions==3.7.4.3
 + typing-inspect==0.6.0
 + unidecode==1.1.1
 + urllib3==1.26.2
 + uvicorn==0.12.3
 + uvloop==0.14.0
 + vine==5.0.0
 + watchgod==0.6
 + wcwidth==0.2.5
 + weasyprint==52.2
 + webencodings==0.5.1
 + websockets==8.1
warning: `braintree==4.5.0` is yanked (reason: "critical bugs")
NO_LOCKED_DEV_GROUP
Using Python 3.9.25 environment at: /opt/venv
Resolved 15 packages in 5ms
Uninstalled 2 packages in 20ms
warning: Failed to hardlink files; falling back to full copy. This may lead to degraded performance.
         If the cache and target directories are on different filesystems, hardlinking may not be supported.
         If this is intentional, set `export UV_LINK_MODE=copy` or use `--link-mode=copy` to suppress this warning.
Installed 14 packages in 422ms
 + exceptiongroup==1.3.1
 + execnet==2.1.2
 + iniconfig==2.1.0
 + packaging==26.3
 + pluggy==1.6.0
 + pygments==2.21.0
 + pytest==8.4.2
 + pytest-django==4.11.1
 + pytest-socket==0.7.0
 + pytest-xdist==3.8.0
 - setuptools==82.0.1
 + setuptools==80.10.2
 + tomli==2.4.1
 - typing-extensions==3.7.4.3
 + typing-extensions==4.16.0
 + wheel==0.48.0
