Using Python 3.9.25 environment at: /opt/venv
Resolved 160 packages in 36ms
warning: Failed to hardlink files; falling back to full copy. This may lead to degraded performance.
         If the cache and target directories are on different filesystems, hardlinking may not be supported.
         If this is intentional, set `export UV_LINK_MODE=copy` or use `--link-mode=copy` to suppress this warning.
Installed 160 packages in 5.25s
 + adyen==4.0.0
 + amqp==5.1.1
 + aniso8601==7.0.0
 + anyio==3.7.0
 + asgiref==3.7.2
 + async-timeout==4.0.2
 + authlib==1.2.0
 + authorizenet==1.1.4
 + azure-common==1.1.28
 + azure-core==1.26.4
 + azure-storage-blob==12.16.0
 + azure-storage-common==2.1.0
 + babel==2.12.1
 + bcrypt==4.0.1
 + beautifulsoup4==4.7.1
 + billiard==3.6.4.0
 + boto3==1.26.142
 + botocore==1.29.142
 + braintree==4.19.0
 + brotli==1.0.9
 + cachetools==5.3.1
 + celery==5.2.7
 + certifi==2023.5.7
 + cffi==1.15.1
 + charset-normalizer==3.1.0
 + click==8.1.3
 + click-didyoumean==0.3.0
 + click-plugins==1.1.1
 + click-repl==0.2.0
 + cron-descriptor==1.4.0
 + cryptography==41.0.0
 + cssselect2==0.7.0
 + dj-database-url==1.3.0
 + dj-email-url==1.0.6
 + django==3.2.19
 + django-appconf==1.0.5
 + django-cache-url==3.4.4
 + django-celery-beat==2.5.0
 + django-countries==7.5.1
 + django-filter==23.2
 + django-js-asset==2.0.0
 + django-measurement==3.2.4
 + django-mptt==0.14.0
 + django-phonenumber-field==7.1.0
 + django-prices==2.3.0
 + django-prices-openexchangerates==1.2.0
 + django-prices-vatlayer==1.1.0
 + django-redis==5.2.0
 + django-storages==1.13.2
 + django-stubs-ext==0.8.0
 + django-timezone-field==5.0
 + django-versatileimagefield==3.0
 + draftjs-sanitizer==1.0.0
 + enmerkar==0.7.1
 + et-xmlfile==1.1.0
 + exceptiongroup==1.1.1
 + faker==18.9.0
 + fonttools==4.39.4
 + freezegun==1.2.2
 + google-api-core==2.11.0
 + google-auth==2.19.0
 + google-cloud-core==2.3.2
 + google-cloud-pubsub==2.17.1
 + google-cloud-storage==2.9.0
 + google-crc32c==1.5.0
 + google-i18n-address==2.5.2
 + google-measurement-protocol==1.1.0
 + google-resumable-media==2.5.0
 + googleapis-common-protos==1.59.0
 + graphene==2.1.9
 + graphql-core==2.3.2
 + graphql-relay==2.0.1
 + grpc-google-iam-v1==0.12.6
 + grpcio==1.54.2
 + grpcio-status==1.54.2
 + gunicorn==20.1.0
 + h11==0.14.0
 + html-to-draftjs==1.0.1
 + html2text==2020.1.16
 + html5lib==1.1
 + httptools==0.5.0
 + idna==3.4
 + importlib-metadata==6.6.0
 + isodate==0.6.1
 + jaeger-client==4.8.0
 + jmespath==1.0.1
 + jsonfield==3.1.0
 + kombu==5.2.4
 + lxml==4.9.2
 + markdown==3.4.3
 + measurement==3.2.2
 + micawber==0.5.4
 + mpmath==1.3.0
 + oauthlib==3.2.2
 + openpyxl==3.1.2
 + opentracing==2.4.0
 + petl==1.7.12
 + phonenumberslite==8.13.11
 + pillow==9.5.0
 + pillow-avif-plugin==1.3.1
 + posuto==2023.5.0
 + prices==1.1.1
 + promise==2.3
 + prompt-toolkit==3.0.38
 + proto-plus==1.22.2
 + protobuf==4.23.2
 + psycopg2==2.9.6
 + pyasn1==0.5.0
 + pyasn1-modules==0.3.0
 + pybars3==0.9.7
 + pycparser==2.21
 + pydyf==0.6.0
 + pyjwt==2.5.0
 + pymeta3==0.5.1
 + pyphen==0.14.0
 + python-crontab==2.7.1
 + python-dateutil==2.8.2
 + python-dotenv==1.0.0
 + python-http-client==3.3.7
 + python-json-logger==2.0.7
 + python-magic==0.4.27
 + pytimeparse==1.1.8
 + pytz==2023.3
 + pyxb==1.2.5
 + pyyaml==6.0
 + razorpay==1.3.0
 + redis==4.5.5
 + requests==2.31.0
 + rsa==4.9
 + rx==1.6.3
 + s3transfer==0.6.1
 + semantic-version==2.10.0
 + sendgrid==6.10.0
 + sentry-sdk==1.24.0
 + setuptools==67.8.0
 + six==1.16.0
 + sniffio==1.3.0
 + soupsieve==2.4.1
 + sqlparse==0.4.4
 + starkbank-ecdsa==2.2.0
 + stripe==3.5.0
 + sympy==1.12
 + text-unidecode==1.3
 + threadloop==1.0.2
 + thrift==0.16.0
 + tinycss2==1.2.1
 + tornado==6.3.2
 + typing-extensions==4.6.2
 + tzdata==2023.3
 + urllib3==1.26.16
 + uvicorn==0.19.0
 + uvloop==0.17.0
 + vine==5.0.0
 + watchfiles==0.19.0
 + wcwidth==0.2.6
 + weasyprint==59.0
 + webencodings==0.5.1
 + websockets==11.0.3
 + zipp==3.15.0
 + zopfli==0.2.2
Using Python 3.9.25 environment at: /opt/venv
Resolved 30 packages in 1.58s
Prepared 1 package in 730ms
warning: Failed to hardlink files; falling back to full copy. This may lead to degraded performance.
         If the cache and target directories are on different filesystems, hardlinking may not be supported.
         If this is intentional, set `export UV_LINK_MODE=copy` or use `--link-mode=copy` to suppress this warning.
Installed 20 packages in 235ms
 + attrs==26.1.0
 + beautifultable==0.7.0
 + colorama==0.4.6
 + iniconfig==2.1.0
 + jinja2==3.1.6
 + markupsafe==3.0.3
 + multidict==6.7.1
 + packaging==26.3
 + pluggy==1.6.0
 + propcache==0.4.1
 + pygments==2.21.0
 + pytest==8.4.2
 + pytest-asyncio==0.20.3
 + pytest-django-queries==1.2.0
 + pytest-mock==3.10.0
 + pytest-recording==0.12.2
 + tomli==2.4.1
 + vcrpy==7.0.0
 + wrapt==2.5.0
 + yarl==1.22.0
Using Python 3.9.25 environment at: /opt/venv
Resolved 14 packages in 4ms
warning: Failed to hardlink files; falling back to full copy. This may lead to degraded performance.
         If the cache and target directories are on different filesystems, hardlinking may not be supported.
         If this is intentional, set `export UV_LINK_MODE=copy` or use `--link-mode=copy` to suppress this warning.
Installed 5 packages in 19ms
 + execnet==2.1.2
 + pytest-django==4.11.1
 + pytest-socket==0.7.0
 + pytest-xdist==3.8.0
 + wheel==0.48.0
