Using Python 3.8.20 environment at: /opt/venv
Resolved 118 packages in 866ms
warning: Failed to hardlink files; falling back to full copy. This may lead to degraded performance.
         If the cache and target directories are on different filesystems, hardlinking may not be supported.
         If this is intentional, set `export UV_LINK_MODE=copy` or use `--link-mode=copy` to suppress this warning.
Installed 118 packages in 5.03s
 + amqp==2.6.0
 + aniso8601==7.0.0
 + asgiref==3.2.10
 + babel==2.8.0
 + beautifulsoup4==4.7.1
 + billiard==3.6.3.0
 + boto3==1.14.17
 + botocore==1.17.17
 + braintree==4.2.0
 + cachetools==4.1.1
 + cairocffi==1.1.0
 + cairosvg==2.4.2
 + celery==4.4.6
 + certifi==2020.6.20
 + cffi==1.14.0
 + chardet==3.0.4
 + cssselect2==0.3.0
 + defusedxml==0.6.0
 + dj-database-url==0.5.0
 + dj-email-url==1.0.1
 + django==3.0.6
 + django-appconf==1.0.4
 + django-cache-url==3.1.2
 + django-countries==6.1.2
 + django-filter==2.3.0
 + django-js-asset==1.2.2
 + django-measurement==3.2.3
 + django-mptt==0.11.0
 + django-phonenumber-field==4.0.0
 + django-prices==2.2.0
 + django-prices-openexchangerates==1.1.0
 + django-prices-vatlayer==1.1.0
 + django-render-block==0.6
 + django-storages==1.9.1
 + django-templated-email==2.3.0
 + django-versatileimagefield==2.0
 + docutils==0.15.2
 + draftjs-sanitizer==1.0.0
 + enmerkar==0.7.1
 + et-xmlfile==1.0.1
 + faker==4.1.1
 + freezegun==0.3.15
 + future==0.18.2
 + google-api-core==1.21.0
 + google-auth==1.18.0
 + google-cloud-core==1.3.0
 + google-cloud-storage==1.29.0
 + google-i18n-address==2.3.5
 + google-measurement-protocol==1.0.0
 + google-resumable-media==0.5.1
 + googleapis-common-protos==1.52.0
 + graphene==2.1.8
 + graphene-django==2.11.0
 + graphene-federation==0.1.0
 + graphql-core==2.3.2
 + graphql-relay==2.0.1
 + html-to-draftjs==1.0.1
 + html5lib==1.1
 + idna==2.10
 + jaeger-client==4.3.0
 + jdcal==1.4.1
 + jmespath==0.10.0
 + jsonfield==3.1.0
 + kombu==4.6.11
 + lxml==4.5.1
 + markdown==3.2.2
 + maxminddb==1.5.4
 + maxminddb-geolite2==2018.703
 + measurement==3.2.0
 + mpmath==1.1.0
 + oauthlib==3.1.0
 + openpyxl==3.0.3
 + opentracing==2.3.0
 + petl==1.3.0
 + phonenumberslite==8.12.6
 + pillow==7.2.0
 + prices==1.0.0
 + promise==2.3
 + protobuf==3.12.2
 + psycopg2-binary==2.8.5
 + purl==1.5
 + pyasn1==0.4.8
 + pyasn1-modules==0.2.8
 + pycparser==2.20
 + pyjwt==1.7.1
 + pyphen==0.9.5
 + python-dateutil==2.8.1
 + python-json-logger==0.1.11
 + python-magic==0.4.18
 + pytimeparse==1.1.8
 + pytz==2020.1
 + razorpay==1.2.0
 + redis==3.5.3
 + requests==2.24.0
 + rsa==4.6
 + rx==1.6.1
 + s3transfer==0.3.3
 + sentry-sdk==0.16.0
 + setuptools==75.3.4
 + singledispatch==3.4.0.3
 + six==1.15.0
 + soupsieve==2.0.1
 + sqlparse==0.3.1
 + stripe==2.48.0
 + sympy==1.6.1
 + text-unidecode==1.3
 + threadloop==1.0.2
 + thrift==0.13.0
 + tinycss2==1.0.2
 + tornado==6.0.4
 + tqdm==4.47.0
 + typing==3.7.4.1
 + unidecode==1.1.1
 + urllib3==1.25.9
 + uwsgi==2.0.19.1
 + vine==1.3.0
 + weasyprint==51
 + webencodings==0.5.1
warning: `braintree==4.2.0` is yanked (reason: "critical bugs")
Using Python 3.8.20 environment at: /opt/venv
  × No solution found when resolving dependencies:
  ╰─▶ Because there is no version of codecov==2.1.7 and you require
      codecov==2.1.7, we can conclude that your requirements are
      unsatisfiable.
DEV_RETRY_R1 dropped=1
Using Python 3.8.20 environment at: /opt/venv
  × No solution found when resolving dependencies:
  ╰─▶ Because python-magic-bin==0.4.14 has no wheels with a matching
      platform tag (e.g., `manylinux_2_36_x86_64`) and you require
      python-magic-bin==0.4.14, we can conclude that your requirements are
      unsatisfiable.

hint: Wheels are available for `python-magic-bin` (v0.4.14) on the following platforms: `macosx_10_6_intel`, `win32`, `win_amd64`DEV_RETRY_R2 dropped=2
Using Python 3.8.20 environment at: /opt/venv
Resolved 90 packages in 21ms
warning: Failed to hardlink files; falling back to full copy. This may lead to degraded performance.
         If the cache and target directories are on different filesystems, hardlinking may not be supported.
         If this is intentional, set `export UV_LINK_MODE=copy` or use `--link-mode=copy` to suppress this warning.
Installed 70 packages in 1.50s
 + apipkg==1.5
 + appdirs==1.4.4
 + astroid==2.4.2
 + atomicwrites==1.4.0
 + attrs==19.3.0
 + beautifultable==0.7.0
 + black==19.10b0
 + cfgv==3.1.0
 + click==7.1.2
 + colorama==0.4.3
 + coverage==5.2
 + distlib==0.3.1
 + django-debug-toolbar==2.2
 + django-debug-toolbar-request-history==0.1.3
 + django-extensions==3.0.2
 + django-graphiql-debug-toolbar==0.1.4
 + django-stubs==1.2.0
 + execnet==1.7.1
 + filelock==3.0.12
 + flake8==3.8.3
 + gitdb==4.0.5
 + gitpython==3.1.3
 + identify==1.4.21
 + isort==4.3.21
 + jinja2==2.11.2
 + lazy-object-proxy==1.4.3
 + markupsafe==1.1.1
 + mccabe==0.6.1
 + more-itertools==8.4.0
 + multidict==4.7.6
 + mypy==0.740
 + mypy-extensions==0.4.3
 + nodeenv==1.4.0
 + packaging==20.4
 + pathspec==0.8.0
 + pluggy==0.13.1
 + pre-commit==2.6.0
 + py==1.9.0
 + pycodestyle==2.6.0
 + pydocstyle==5.0.2
 + pyflakes==2.2.0
 + pylint==2.5.3
 + pylint-celery==0.3
 + pylint-django==2.0.15
 + pylint-plugin-utils==0.6
 + pyparsing==2.4.7
 + pytest==5.4.3
 + pytest-cov==2.10.0
 + pytest-django==3.9.0
 + pytest-django-queries==1.1.0
 + pytest-forked==1.2.0
 + pytest-mock==3.1.1
 + pytest-vcr==1.0.2
 + pytest-xdist==1.32.0
 + python-slugify==4.0.1
 + pywatchman==1.4.1
 + pyyaml==5.3.1
 + regex==2020.6.8
 + smmap==3.0.4
 + snowballstemmer==2.0.0
 + toml==0.10.1
 + tox==3.16.1
 + transifex-client==0.13.10
 + typed-ast==1.4.1
 + typing-extensions==3.7.4.2
 + vcrpy==4.0.2
 + virtualenv==20.0.25
 + wcwidth==0.2.5
 + wrapt==1.12.1
 + yarl==1.4.2
warning: `tox==3.16.1` is yanked (reason: "wheel file is of the rewrite branch")
DEV_INSTALL_OK
Using Python 3.8.20 environment at: /opt/venv
Resolved 18 packages in 394ms
Uninstalled 4 packages in 6ms
warning: Failed to hardlink files; falling back to full copy. This may lead to degraded performance.
         If the cache and target directories are on different filesystems, hardlinking may not be supported.
         If this is intentional, set `export UV_LINK_MODE=copy` or use `--link-mode=copy` to suppress this warning.
Installed 9 packages in 80ms
 + exceptiongroup==1.3.1
 + iniconfig==2.1.0
 - pluggy==0.13.1
 + pluggy==1.5.0
 - pytest==5.4.3
 + pytest==8.3.5
 - pytest-django==3.9.0
 + pytest-django==4.11.1
 + pytest-socket==0.7.0
 + tomli==2.4.1
 - typing-extensions==3.7.4.2
 + typing-extensions==4.13.2
 + wheel==0.45.1
