Using Python 3.9.25 environment at: /opt/venv
Resolved 149 packages in 865ms
warning: Failed to hardlink files; falling back to full copy. This may lead to degraded performance.
         If the cache and target directories are on different filesystems, hardlinking may not be supported.
         If this is intentional, set `export UV_LINK_MODE=copy` or use `--link-mode=copy` to suppress this warning.
Installed 149 packages in 4.88s
 + adyen==4.0.0
 + amqp==5.0.6
 + aniso8601==7.0.0
 + asgiref==3.4.1
 + authorizenet==1.1.4
 + babel==2.9.1
 + beautifulsoup4==4.7.1
 + billiard==3.6.4.0
 + boto3==1.18.48
 + botocore==1.21.48
 + braintree==4.12.0
 + brotli==1.0.9
 + cachetools==4.2.2
 + celery==5.1.2
 + certifi==2021.5.30
 + cffi==2.0.0
 + charset-normalizer==2.0.6
 + click==7.1.2
 + click-didyoumean==0.0.3
 + click-plugins==1.1.1
 + click-repl==0.2.0
 + cssselect2==0.4.1
 + dj-database-url==0.5.0
 + dj-email-url==1.0.2
 + django==3.2.7
 + django-appconf==1.0.5
 + django-cache-url==3.2.3
 + django-celery-beat==2.2.1
 + django-countries==7.2.1
 + django-filter==21.1
 + django-js-asset==1.2.2
 + django-measurement==3.2.3
 + django-mptt==0.13.3
 + django-phonenumber-field==5.2.0
 + django-prices==2.2.0
 + django-prices-openexchangerates==1.1.0
 + django-prices-vatlayer==1.1.0
 + django-redis==5.0.0
 + django-storages==1.11.1
 + django-timezone-field==4.2.1
 + django-versatileimagefield==2.2
 + draftjs-sanitizer==1.0.0
 + enmerkar==0.7.1
 + et-xmlfile==1.1.0
 + faker==8.14.0
 + fonttools==4.27.1
 + freezegun==1.1.0
 + google-api-core==2.0.1
 + google-auth==2.1.0
 + google-cloud-core==2.0.0
 + google-cloud-pubsub==2.8.0
 + google-cloud-storage==1.42.2
 + google-crc32c==1.2.0
 + google-i18n-address==2.5.0
 + google-measurement-protocol==1.1.0
 + google-resumable-media==2.0.3
 + googleapis-common-protos==1.53.0
 + graphene==2.1.9
 + graphene-django==2.13.0
 + graphene-federation==0.1.0
 + graphql-core==2.3.2
 + graphql-relay==2.0.1
 + grpc-google-iam-v1==0.12.3
 + grpcio==1.40.0
 + gunicorn==20.1.0
 + h11==0.12.0
 + html-to-draftjs==1.0.1
 + html2text==2020.1.16
 + html5lib==1.1
 + httptools==0.1.2
 + idna==3.2
 + jaeger-client==4.8.0
 + jmespath==0.10.0
 + jsonfield==3.1.0
 + kombu==5.1.0
 + libcst==0.3.21
 + lxml==4.6.3
 + markdown==3.3.4
 + maxminddb==2.2.0
 + measurement==3.2.0
 + micawber==0.5.4
 + mpmath==1.2.1
 + mypy-extensions==0.4.3
 + oauthlib==3.1.1
 + openpyxl==3.0.9
 + opentracing==2.4.0
 + packaging==21.0
 + petl==1.7.4
 + phonenumberslite==8.12.33
 + pillow==8.3.2
 + prices==1.1.0
 + promise==2.3
 + prompt-toolkit==3.0.20
 + proto-plus==1.19.0
 + protobuf==3.18.0
 + psycopg2-binary==2.9.1
 + pyasn1==0.4.8
 + pyasn1-modules==0.2.8
 + pybars3==0.9.7
 + pycparser==2.20
 + pydyf==0.1.1
 + pyjwt==2.1.0
 + pymeta3==0.5.1
 + pyparsing==2.4.7
 + pyphen==0.11.0
 + python-crontab==2.5.1
 + python-dateutil==2.8.2
 + python-dotenv==0.19.0
 + python-http-client==3.3.3
 + python-json-logger==2.0.2
 + python-magic==0.4.24
 + pytimeparse==1.1.8
 + pytz==2021.1
 + pyxb==1.2.5
 + pyyaml==5.4.1
 + razorpay==1.2.0
 + redis==3.5.3
 + requests==2.26.0
 + rsa==4.7.2
 + rx==1.6.1
 + s3transfer==0.5.0
 + sendgrid==6.8.2
 + sentry-sdk==1.4.1
 + setuptools==82.0.1
 + singledispatch==3.7.0
 + six==1.16.0
 + soupsieve==2.2.1
 + sqlparse==0.4.2
 + starkbank-ecdsa==1.1.1
 + stripe==2.60.0
 + sympy==1.8
 + text-unidecode==1.3
 + threadloop==1.0.2
 + thrift==0.15.0
 + tinycss2==1.1.0
 + tornado==6.1
 + typing-extensions==3.10.0.2
 + typing-inspect==0.7.1
 + unidecode==1.3.2
 + urllib3==1.26.7
 + uvicorn==0.13.4
 + uvloop==0.16.0
 + vine==5.0.0
 + watchgod==0.7
 + wcwidth==0.2.5
 + weasyprint==53.3
 + webencodings==0.5.1
 + websockets==8.1
 + zopfli==0.1.8
warning: `protobuf==3.18.0` is yanked (reason: "This version claims to support Python 2 but does not")
warning: `braintree==4.12.0` is yanked (reason: "critical bugs")
Using Python 3.9.25 environment at: /opt/venv
Resolved 20 packages in 391ms
Uninstalled 1 package in 0.75ms
warning: Failed to hardlink files; falling back to full copy. This may lead to degraded performance.
         If the cache and target directories are on different filesystems, hardlinking may not be supported.
         If this is intentional, set `export UV_LINK_MODE=copy` or use `--link-mode=copy` to suppress this warning.
Installed 13 packages in 212ms
 + beautifultable==0.7.0
 + colorama==0.4.6
 + exceptiongroup==1.3.1
 + iniconfig==2.1.0
 + jinja2==3.1.6
 + markupsafe==3.0.3
 + pluggy==1.6.0
 + pygments==2.21.0
 + pytest==8.4.2
 + pytest-django-queries==1.2.0
 + pytest-mock==3.6.1
 + tomli==2.4.1
 - typing-extensions==3.10.0.2
 + typing-extensions==4.16.0
Using Python 3.9.25 environment at: /opt/venv
Resolved 15 packages in 322ms
Uninstalled 2 packages in 21ms
warning: Failed to hardlink files; falling back to full copy. This may lead to degraded performance.
         If the cache and target directories are on different filesystems, hardlinking may not be supported.
         If this is intentional, set `export UV_LINK_MODE=copy` or use `--link-mode=copy` to suppress this warning.
Installed 7 packages in 294ms
 + execnet==2.1.2
 - packaging==21.0
 + packaging==26.3
 + pytest-django==4.11.1
 + pytest-socket==0.7.0
 + pytest-xdist==3.8.0
 - setuptools==82.0.1
 + setuptools==80.10.2
 + wheel==0.48.0
