Using Python 3.9.25 environment at: /opt/venv
Resolved 155 packages in 1.03s
warning: Failed to hardlink files; falling back to full copy. This may lead to degraded performance.
         If the cache and target directories are on different filesystems, hardlinking may not be supported.
         If this is intentional, set `export UV_LINK_MODE=copy` or use `--link-mode=copy` to suppress this warning.
Installed 155 packages in 4.58s
 + adyen==4.0.0
 + amqp==5.1.1
 + aniso8601==7.0.0
 + anyio==3.7.1
 + asgiref==3.7.2
 + async-timeout==4.0.3
 + authlib==1.2.1
 + authorizenet==1.1.4
 + azure-common==1.1.28
 + azure-core==1.29.1
 + azure-storage-blob==12.17.0
 + azure-storage-common==2.1.0
 + babel==2.12.1
 + bcrypt==4.0.1
 + beautifulsoup4==4.7.1
 + billiard==4.1.0
 + boto3==1.28.25
 + botocore==1.31.25
 + braintree==4.21.0
 + brotli==1.0.9
 + cachetools==5.3.1
 + celery==5.3.1
 + certifi==2023.7.22
 + cffi==1.15.1
 + charset-normalizer==3.2.0
 + click==8.1.6
 + click-didyoumean==0.3.0
 + click-plugins==1.1.1
 + click-repl==0.3.0
 + cron-descriptor==1.4.0
 + cryptography==41.0.3
 + cssselect2==0.7.0
 + dj-database-url==2.0.0
 + dj-email-url==1.0.6
 + django==3.2.20
 + django-appconf==1.0.5
 + django-cache-url==3.4.4
 + django-celery-beat==2.5.0
 + django-countries==7.5.1
 + django-filter==23.2
 + django-js-asset==2.1.0
 + django-measurement==3.2.4
 + django-mptt==0.14.0
 + django-phonenumber-field==7.1.0
 + django-prices==2.3.0
 + django-redis==5.3.0
 + django-storages==1.13.2
 + django-stubs-ext==4.2.2
 + django-timezone-field==5.1
 + draftjs-sanitizer==1.0.0
 + enmerkar==0.7.1
 + et-xmlfile==1.1.0
 + exceptiongroup==1.1.2
 + faker==19.3.0
 + fonttools==4.42.0
 + freezegun==1.2.2
 + google-api-core==2.11.1
 + google-auth==2.22.0
 + google-cloud-core==2.3.3
 + google-cloud-pubsub==2.18.2
 + google-cloud-storage==2.10.0
 + google-crc32c==1.5.0
 + google-i18n-address==3.1.0
 + google-resumable-media==2.5.0
 + googleapis-common-protos==1.60.0
 + graphene==2.1.9
 + graphql-core==2.3.2
 + graphql-relay==2.0.1
 + grpc-google-iam-v1==0.12.6
 + grpcio==1.57.0
 + grpcio-status==1.57.0
 + gunicorn==20.1.0
 + h11==0.14.0
 + html-to-draftjs==1.0.1
 + html2text==2020.1.16
 + html5lib==1.1
 + httptools==0.6.0
 + idna==3.4
 + importlib-metadata==6.8.0
 + isodate==0.6.1
 + jaeger-client==4.8.0
 + jmespath==1.0.1
 + kombu==5.3.1
 + lxml==4.9.3
 + markdown==3.4.4
 + measurement==3.2.2
 + micawber==0.5.5
 + mpmath==1.3.0
 + oauthlib==3.2.2
 + openpyxl==3.1.2
 + opentracing==2.4.0
 + petl==1.7.12
 + phonenumberslite==8.13.18
 + pillow==10.0.0
 + pillow-avif-plugin==1.3.1
 + posuto==2023.8.0
 + prices==1.1.1
 + promise==2.3
 + prompt-toolkit==3.0.39
 + proto-plus==1.22.3
 + protobuf==4.24.0
 + psycopg2==2.9.7
 + pyasn1==0.5.0
 + pyasn1-modules==0.3.0
 + pybars3==0.9.7
 + pycparser==2.21
 + pydyf==0.7.0
 + pyjwt==2.5.0
 + pymeta3==0.5.1
 + pyphen==0.14.0
 + python-crontab==3.0.0
 + python-dateutil==2.8.2
 + python-dotenv==1.0.0
 + python-http-client==3.3.7
 + python-json-logger==2.0.7
 + python-magic==0.4.27
 + pytimeparse==1.1.8
 + pytz==2023.3
 + pyxb==1.2.5
 + pyyaml==6.0.1
 + razorpay==1.4.1
 + redis==4.6.0
 + requests==2.31.0
 + rsa==4.9
 + rx==1.6.3
 + s3transfer==0.6.1
 + semantic-version==2.10.0
 + sendgrid==6.10.0
 + sentry-sdk==1.29.2
 + setuptools==68.0.0
 + six==1.16.0
 + sniffio==1.3.0
 + soupsieve==2.4.1
 + sqlparse==0.4.4
 + starkbank-ecdsa==2.2.0
 + stripe==3.5.0
 + sympy==1.12
 + text-unidecode==1.3
 + threadloop==1.0.2
 + thrift==0.16.0
 + tinycss2==1.2.1
 + tornado==6.3.3
 + typing-extensions==4.7.1
 + tzdata==2023.3
 + urllib3==1.26.16
 + uvicorn==0.23.2
 + uvloop==0.17.0
 + vine==5.0.0
 + watchfiles==0.19.0
 + wcwidth==0.2.6
 + weasyprint==59.0
 + webencodings==0.5.1
 + websockets==11.0.3
 + zipp==3.16.2
 + zopfli==0.2.2
Using Python 3.9.25 environment at: /opt/venv
  × No solution found when resolving dependencies:
  ╰─▶ Because python-magic-bin==0.4.14 has no wheels with a matching
      platform tag (e.g., `manylinux_2_41_x86_64`) and you require
      python-magic-bin==0.4.14, we can conclude that your requirements are
      unsatisfiable.

hint: Wheels are available for `python-magic-bin` (v0.4.14) on the following platforms: `macosx_10_6_intel`, `win32`, `win_amd64`DEV_RETRY_R1 dropped=1
Using Python 3.9.25 environment at: /opt/venv
Resolved 124 packages in 25ms
Uninstalled 9 packages in 171ms
warning: Failed to hardlink files; falling back to full copy. This may lead to degraded performance.
         If the cache and target directories are on different filesystems, hardlinking may not be supported.
         If this is intentional, set `export UV_LINK_MODE=copy` or use `--link-mode=copy` to suppress this warning.
Installed 86 packages in 2.39s
 + astroid==2.15.6
 + attrs==23.1.0
 - azure-core==1.29.1
 + azure-core==1.29.2
 + beautifultable==0.7.0
 + before-after==1.0.1
 + black==23.7.0
 - boto3==1.28.25
 + boto3==1.28.27
 - botocore==1.31.25
 + botocore==1.31.27
 + brotlicffi==1.0.9.2
 + cfgv==3.4.0
 + colorama==0.4.6
 + coverage==7.3.0
 + dill==0.3.7
 + distlib==0.3.7
 - dj-database-url==2.0.0
 + dj-database-url==2.1.0
 + django-debug-toolbar==4.2.0
 + django-debug-toolbar-request-history==0.1.4
 + django-extensions==3.2.3
 + django-graphiql-debug-toolbar==0.2.0
 + django-stubs==1.16.0
 - exceptiongroup==1.1.2
 + exceptiongroup==1.1.3
 + execnet==2.0.2
 + fakeredis==2.18.0
 + filelock==3.12.2
 + flake8==4.0.1
 + graphene-django==2.16.0
 - gunicorn==20.1.0
 + gunicorn==21.2.0
 + identify==2.5.26
 + iniconfig==2.0.0
 + isort==5.12.0
 + jinja2==3.1.2
 + lazy-object-proxy==1.9.0
 + markupsafe==2.1.3
 + mccabe==0.6.1
 + mock==1.0.1
 + multidict==6.0.4
 + mypy==1.4.1
 + mypy-extensions==1.0.0
 + nodeenv==1.8.0
 + packaging==23.1
 + pathspec==0.11.2
 + platformdirs==3.10.0
 + pluggy==1.2.0
 + pre-commit==3.3.3
 + pycodestyle==2.8.0
 + pydocstyle==6.3.0
 + pyflakes==2.4.0
 + pylint==2.17.5
 + pylint-celery==0.3
 + pylint-django==2.5.3
 + pylint-plugin-utils==0.8.2
 + pytest==7.4.0
 + pytest-asyncio==0.21.1
 + pytest-celery==0.0.0
 + pytest-cov==4.1.0
 + pytest-django==4.5.2
 + pytest-django-queries==1.2.0
 + pytest-mock==3.11.1
 + pytest-recording==0.12.2
 + pytest-socket==0.6.0
 + pytest-xdist==3.3.1
 + pywatchman==1.4.1
 - redis==4.6.0
 + redis==5.0.0
 - s3transfer==0.6.1
 + s3transfer==0.6.2
 - setuptools==68.0.0
 + setuptools==68.1.0
 + singledispatch==4.0.0
 + snowballstemmer==2.2.0
 + sortedcontainers==2.4.0
 + tomli==2.0.1
 + tomlkit==0.12.1
 + types-certifi==2021.10.8.3
 + types-freezegun==1.1.10
 + types-mock==5.1.0.1
 + types-pkg-resources==0.1.3
 + types-pyopenssl==23.2.0.2
 + types-python-dateutil==2.8.19.14
 + types-pytz==2023.3.0.1
 + types-pyyaml==6.0.12.11
 + types-redis==4.6.0.4
 + types-requests==2.31.0.2
 + types-six==1.16.21.9
 + types-urllib3==1.26.25.14
 + vcrpy==4.4.0
 + virtualenv==20.24.3
 + wrapt==1.15.0
 + yarl==1.9.2
warning: `types-pkg-resources==0.1.3` is yanked (reason: "Use types-setuptools instead")
DEV_INSTALL_OK
Using Python 3.9.25 environment at: /opt/venv
Resolved 13 packages in 1.47s
Uninstalled 2 packages in 2ms
warning: Failed to hardlink files; falling back to full copy. This may lead to degraded performance.
         If the cache and target directories are on different filesystems, hardlinking may not be supported.
         If this is intentional, set `export UV_LINK_MODE=copy` or use `--link-mode=copy` to suppress this warning.
Installed 3 packages in 33ms
 - packaging==23.1
 + packaging==26.3
 - pytest-django==4.5.2
 + pytest-django==4.11.1
 + wheel==0.48.0
