....                                                                     [100%]
=============================== warnings summary ===============================
saleor/settings.py:204
  /workspace/2d45b76a52f2_t/saleor/settings.py:204: UserWarning: SECRET_KEY not configured, using a random temporary key.
    warnings.warn("SECRET_KEY not configured, using a random temporary key.")

../../opt/venv/lib/python3.9/site-packages/_pytest/config/__init__.py:1474
  /opt/venv/lib/python3.9/site-packages/_pytest/config/__init__.py:1474: PytestConfigWarning: Unknown config option: asyncio_mode
  
    self._warn_or_fail_if_strict(f"Unknown config option: {key}\n")

-- Docs: https://docs.pytest.org/en/stable/how-to/capture-warnings.html
---- generated xml file: /workspace/2d45b76a52f2_t/2d45b76a52f2_t_r0_f0.xml ----
4 passed, 2 warnings in 107.85s (0:01:47)
RUN_0_RC=0
........                                                                 [100%]
=============================== warnings summary ===============================
saleor/settings.py:204
  /workspace/2d45b76a52f2_t/saleor/settings.py:204: UserWarning: SECRET_KEY not configured, using a random temporary key.
    warnings.warn("SECRET_KEY not configured, using a random temporary key.")

../../opt/venv/lib/python3.9/site-packages/_pytest/config/__init__.py:1474
  /opt/venv/lib/python3.9/site-packages/_pytest/config/__init__.py:1474: PytestConfigWarning: Unknown config option: asyncio_mode
  
    self._warn_or_fail_if_strict(f"Unknown config option: {key}\n")

-- Docs: https://docs.pytest.org/en/stable/how-to/capture-warnings.html
--- generated xml file: /workspace/2d45b76a52f2_t/2d45b76a52f2_t_r0_f10.xml ----
8 passed, 2 warnings in 1.65s
RUN_10_RC=0
........                                                                 [100%]
=============================== warnings summary ===============================
saleor/settings.py:204
  /workspace/2d45b76a52f2_t/saleor/settings.py:204: UserWarning: SECRET_KEY not configured, using a random temporary key.
    warnings.warn("SECRET_KEY not configured, using a random temporary key.")

../../opt/venv/lib/python3.9/site-packages/_pytest/config/__init__.py:1474
  /opt/venv/lib/python3.9/site-packages/_pytest/config/__init__.py:1474: PytestConfigWarning: Unknown config option: asyncio_mode
  
    self._warn_or_fail_if_strict(f"Unknown config option: {key}\n")

-- Docs: https://docs.pytest.org/en/stable/how-to/capture-warnings.html
--- generated xml file: /workspace/2d45b76a52f2_t/2d45b76a52f2_t_r0_f11.xml ----
8 passed, 2 warnings in 2.27s
RUN_11_RC=0
...                                                                      [100%]
=============================== warnings summary ===============================
saleor/settings.py:204
  /workspace/2d45b76a52f2_t/saleor/settings.py:204: UserWarning: SECRET_KEY not configured, using a random temporary key.
    warnings.warn("SECRET_KEY not configured, using a random temporary key.")

../../opt/venv/lib/python3.9/site-packages/_pytest/config/__init__.py:1474
  /opt/venv/lib/python3.9/site-packages/_pytest/config/__init__.py:1474: PytestConfigWarning: Unknown config option: asyncio_mode
  
    self._warn_or_fail_if_strict(f"Unknown config option: {key}\n")

-- Docs: https://docs.pytest.org/en/stable/how-to/capture-warnings.html
--- generated xml file: /workspace/2d45b76a52f2_t/2d45b76a52f2_t_r0_f12.xml ----
3 passed, 2 warnings in 1.54s
RUN_12_RC=0
..                                                                       [100%]
=============================== warnings summary ===============================
saleor/settings.py:204
  /workspace/2d45b76a52f2_t/saleor/settings.py:204: UserWarning: SECRET_KEY not configured, using a random temporary key.
    warnings.warn("SECRET_KEY not configured, using a random temporary key.")

../../opt/venv/lib/python3.9/site-packages/_pytest/config/__init__.py:1474
  /opt/venv/lib/python3.9/site-packages/_pytest/config/__init__.py:1474: PytestConfigWarning: Unknown config option: asyncio_mode
  
    self._warn_or_fail_if_strict(f"Unknown config option: {key}\n")

-- Docs: https://docs.pytest.org/en/stable/how-to/capture-warnings.html
--- generated xml file: /workspace/2d45b76a52f2_t/2d45b76a52f2_t_r0_f13.xml ----
2 passed, 2 warnings in 1.52s
RUN_13_RC=0
.....                                                                    [100%]
=============================== warnings summary ===============================
saleor/settings.py:204
  /workspace/2d45b76a52f2_t/saleor/settings.py:204: UserWarning: SECRET_KEY not configured, using a random temporary key.
    warnings.warn("SECRET_KEY not configured, using a random temporary key.")

../../opt/venv/lib/python3.9/site-packages/_pytest/config/__init__.py:1474
  /opt/venv/lib/python3.9/site-packages/_pytest/config/__init__.py:1474: PytestConfigWarning: Unknown config option: asyncio_mode
  
    self._warn_or_fail_if_strict(f"Unknown config option: {key}\n")

-- Docs: https://docs.pytest.org/en/stable/how-to/capture-warnings.html
--- generated xml file: /workspace/2d45b76a52f2_t/2d45b76a52f2_t_r0_f14.xml ----
5 passed, 2 warnings in 2.03s
RUN_14_RC=0
...                                                                      [100%]
=============================== warnings summary ===============================
saleor/settings.py:204
  /workspace/2d45b76a52f2_t/saleor/settings.py:204: UserWarning: SECRET_KEY not configured, using a random temporary key.
    warnings.warn("SECRET_KEY not configured, using a random temporary key.")

../../opt/venv/lib/python3.9/site-packages/_pytest/config/__init__.py:1474
  /opt/venv/lib/python3.9/site-packages/_pytest/config/__init__.py:1474: PytestConfigWarning: Unknown config option: asyncio_mode
  
    self._warn_or_fail_if_strict(f"Unknown config option: {key}\n")

-- Docs: https://docs.pytest.org/en/stable/how-to/capture-warnings.html
--- generated xml file: /workspace/2d45b76a52f2_t/2d45b76a52f2_t_r0_f15.xml ----
3 passed, 2 warnings in 1.81s
RUN_15_RC=0
...                                                                      [100%]
=============================== warnings summary ===============================
saleor/settings.py:204
  /workspace/2d45b76a52f2_t/saleor/settings.py:204: UserWarning: SECRET_KEY not configured, using a random temporary key.
    warnings.warn("SECRET_KEY not configured, using a random temporary key.")

../../opt/venv/lib/python3.9/site-packages/_pytest/config/__init__.py:1474
  /opt/venv/lib/python3.9/site-packages/_pytest/config/__init__.py:1474: PytestConfigWarning: Unknown config option: asyncio_mode
  
    self._warn_or_fail_if_strict(f"Unknown config option: {key}\n")

-- Docs: https://docs.pytest.org/en/stable/how-to/capture-warnings.html
--- generated xml file: /workspace/2d45b76a52f2_t/2d45b76a52f2_t_r0_f16.xml ----
3 passed, 2 warnings in 1.62s
RUN_16_RC=0
.                                                                        [100%]
=============================== warnings summary ===============================
saleor/settings.py:204
  /workspace/2d45b76a52f2_t/saleor/settings.py:204: UserWarning: SECRET_KEY not configured, using a random temporary key.
    warnings.warn("SECRET_KEY not configured, using a random temporary key.")

../../opt/venv/lib/python3.9/site-packages/_pytest/config/__init__.py:1474
  /opt/venv/lib/python3.9/site-packages/_pytest/config/__init__.py:1474: PytestConfigWarning: Unknown config option: asyncio_mode
  
    self._warn_or_fail_if_strict(f"Unknown config option: {key}\n")

-- Docs: https://docs.pytest.org/en/stable/how-to/capture-warnings.html
--- generated xml file: /workspace/2d45b76a52f2_t/2d45b76a52f2_t_r0_f17.xml ----
1 passed, 2 warnings in 1.55s
RUN_17_RC=0
......                                                                   [100%]
=============================== warnings summary ===============================
saleor/settings.py:204
  /workspace/2d45b76a52f2_t/saleor/settings.py:204: UserWarning: SECRET_KEY not configured, using a random temporary key.
    warnings.warn("SECRET_KEY not configured, using a random temporary key.")

../../opt/venv/lib/python3.9/site-packages/_pytest/config/__init__.py:1474
  /opt/venv/lib/python3.9/site-packages/_pytest/config/__init__.py:1474: PytestConfigWarning: Unknown config option: asyncio_mode
  
    self._warn_or_fail_if_strict(f"Unknown config option: {key}\n")

-- Docs: https://docs.pytest.org/en/stable/how-to/capture-warnings.html
--- generated xml file: /workspace/2d45b76a52f2_t/2d45b76a52f2_t_r0_f18.xml ----
6 passed, 2 warnings in 1.65s
RUN_18_RC=0
....                                                                     [100%]
=============================== warnings summary ===============================
saleor/settings.py:204
  /workspace/2d45b76a52f2_t/saleor/settings.py:204: UserWarning: SECRET_KEY not configured, using a random temporary key.
    warnings.warn("SECRET_KEY not configured, using a random temporary key.")

../../opt/venv/lib/python3.9/site-packages/_pytest/config/__init__.py:1474
  /opt/venv/lib/python3.9/site-packages/_pytest/config/__init__.py:1474: PytestConfigWarning: Unknown config option: asyncio_mode
  
    self._warn_or_fail_if_strict(f"Unknown config option: {key}\n")

-- Docs: https://docs.pytest.org/en/stable/how-to/capture-warnings.html
---- generated xml file: /workspace/2d45b76a52f2_t/2d45b76a52f2_t_r1_f0.xml ----
4 passed, 2 warnings in 2.20s
RUN_19_RC=0
........                                                                 [100%]
=============================== warnings summary ===============================
saleor/settings.py:204
  /workspace/2d45b76a52f2_t/saleor/settings.py:204: UserWarning: SECRET_KEY not configured, using a random temporary key.
    warnings.warn("SECRET_KEY not configured, using a random temporary key.")

../../opt/venv/lib/python3.9/site-packages/_pytest/config/__init__.py:1474
  /opt/venv/lib/python3.9/site-packages/_pytest/config/__init__.py:1474: PytestConfigWarning: Unknown config option: asyncio_mode
  
    self._warn_or_fail_if_strict(f"Unknown config option: {key}\n")

-- Docs: https://docs.pytest.org/en/stable/how-to/capture-warnings.html
---- generated xml file: /workspace/2d45b76a52f2_t/2d45b76a52f2_t_r0_f1.xml ----
8 passed, 2 warnings in 1.77s
RUN_1_RC=0
........                                                                 [100%]
=============================== warnings summary ===============================
saleor/settings.py:204
  /workspace/2d45b76a52f2_t/saleor/settings.py:204: UserWarning: SECRET_KEY not configured, using a random temporary key.
    warnings.warn("SECRET_KEY not configured, using a random temporary key.")

../../opt/venv/lib/python3.9/site-packages/_pytest/config/__init__.py:1474
  /opt/venv/lib/python3.9/site-packages/_pytest/config/__init__.py:1474: PytestConfigWarning: Unknown config option: asyncio_mode
  
    self._warn_or_fail_if_strict(f"Unknown config option: {key}\n")

-- Docs: https://docs.pytest.org/en/stable/how-to/capture-warnings.html
---- generated xml file: /workspace/2d45b76a52f2_t/2d45b76a52f2_t_r1_f1.xml ----
8 passed, 2 warnings in 1.72s
RUN_20_RC=0
................................                                         [100%]
=============================== warnings summary ===============================
saleor/settings.py:204
  /workspace/2d45b76a52f2_t/saleor/settings.py:204: UserWarning: SECRET_KEY not configured, using a random temporary key.
    warnings.warn("SECRET_KEY not configured, using a random temporary key.")

../../opt/venv/lib/python3.9/site-packages/_pytest/config/__init__.py:1474
  /opt/venv/lib/python3.9/site-packages/_pytest/config/__init__.py:1474: PytestConfigWarning: Unknown config option: asyncio_mode
  
    self._warn_or_fail_if_strict(f"Unknown config option: {key}\n")

-- Docs: https://docs.pytest.org/en/stable/how-to/capture-warnings.html
---- generated xml file: /workspace/2d45b76a52f2_t/2d45b76a52f2_t_r1_f2.xml ----
32 passed, 2 warnings in 3.18s
RUN_21_RC=0
.....................                                                    [100%]
=============================== warnings summary ===============================
saleor/settings.py:204
  /workspace/2d45b76a52f2_t/saleor/settings.py:204: UserWarning: SECRET_KEY not configured, using a random temporary key.
    warnings.warn("SECRET_KEY not configured, using a random temporary key.")

../../opt/venv/lib/python3.9/site-packages/_pytest/config/__init__.py:1474
  /opt/venv/lib/python3.9/site-packages/_pytest/config/__init__.py:1474: PytestConfigWarning: Unknown config option: asyncio_mode
  
    self._warn_or_fail_if_strict(f"Unknown config option: {key}\n")

-- Docs: https://docs.pytest.org/en/stable/how-to/capture-warnings.html
---- generated xml file: /workspace/2d45b76a52f2_t/2d45b76a52f2_t_r1_f3.xml ----
21 passed, 2 warnings in 2.95s
RUN_22_RC=0
............................................                             [100%]
=============================== warnings summary ===============================
saleor/settings.py:204
  /workspace/2d45b76a52f2_t/saleor/settings.py:204: UserWarning: SECRET_KEY not configured, using a random temporary key.
    warnings.warn("SECRET_KEY not configured, using a random temporary key.")

../../opt/venv/lib/python3.9/site-packages/_pytest/config/__init__.py:1474
  /opt/venv/lib/python3.9/site-packages/_pytest/config/__init__.py:1474: PytestConfigWarning: Unknown config option: asyncio_mode
  
    self._warn_or_fail_if_strict(f"Unknown config option: {key}\n")

-- Docs: https://docs.pytest.org/en/stable/how-to/capture-warnings.html
---- generated xml file: /workspace/2d45b76a52f2_t/2d45b76a52f2_t_r1_f4.xml ----
44 passed, 2 warnings in 5.00s
RUN_23_RC=0
..                                                                       [100%]
=============================== warnings summary ===============================
saleor/settings.py:204
  /workspace/2d45b76a52f2_t/saleor/settings.py:204: UserWarning: SECRET_KEY not configured, using a random temporary key.
    warnings.warn("SECRET_KEY not configured, using a random temporary key.")

../../opt/venv/lib/python3.9/site-packages/_pytest/config/__init__.py:1474
  /opt/venv/lib/python3.9/site-packages/_pytest/config/__init__.py:1474: PytestConfigWarning: Unknown config option: asyncio_mode
  
    self._warn_or_fail_if_strict(f"Unknown config option: {key}\n")

-- Docs: https://docs.pytest.org/en/stable/how-to/capture-warnings.html
---- generated xml file: /workspace/2d45b76a52f2_t/2d45b76a52f2_t_r1_f5.xml ----
2 passed, 2 warnings in 1.35s
RUN_24_RC=0
............                                                             [100%]
=============================== warnings summary ===============================
saleor/settings.py:204
  /workspace/2d45b76a52f2_t/saleor/settings.py:204: UserWarning: SECRET_KEY not configured, using a random temporary key.
    warnings.warn("SECRET_KEY not configured, using a random temporary key.")

../../opt/venv/lib/python3.9/site-packages/_pytest/config/__init__.py:1474
  /opt/venv/lib/python3.9/site-packages/_pytest/config/__init__.py:1474: PytestConfigWarning: Unknown config option: asyncio_mode
  
    self._warn_or_fail_if_strict(f"Unknown config option: {key}\n")

-- Docs: https://docs.pytest.org/en/stable/how-to/capture-warnings.html
---- generated xml file: /workspace/2d45b76a52f2_t/2d45b76a52f2_t_r1_f6.xml ----
12 passed, 2 warnings in 1.52s
RUN_25_RC=0
......                                                                   [100%]
=============================== warnings summary ===============================
saleor/settings.py:204
  /workspace/2d45b76a52f2_t/saleor/settings.py:204: UserWarning: SECRET_KEY not configured, using a random temporary key.
    warnings.warn("SECRET_KEY not configured, using a random temporary key.")

../../opt/venv/lib/python3.9/site-packages/_pytest/config/__init__.py:1474
  /opt/venv/lib/python3.9/site-packages/_pytest/config/__init__.py:1474: PytestConfigWarning: Unknown config option: asyncio_mode
  
    self._warn_or_fail_if_strict(f"Unknown config option: {key}\n")

-- Docs: https://docs.pytest.org/en/stable/how-to/capture-warnings.html
---- generated xml file: /workspace/2d45b76a52f2_t/2d45b76a52f2_t_r1_f7.xml ----
6 passed, 2 warnings in 1.56s
RUN_26_RC=0
....                                                                     [100%]
=============================== warnings summary ===============================
saleor/settings.py:204
  /workspace/2d45b76a52f2_t/saleor/settings.py:204: UserWarning: SECRET_KEY not configured, using a random temporary key.
    warnings.warn("SECRET_KEY not configured, using a random temporary key.")

../../opt/venv/lib/python3.9/site-packages/_pytest/config/__init__.py:1474
  /opt/venv/lib/python3.9/site-packages/_pytest/config/__init__.py:1474: PytestConfigWarning: Unknown config option: asyncio_mode
  
    self._warn_or_fail_if_strict(f"Unknown config option: {key}\n")

-- Docs: https://docs.pytest.org/en/stable/how-to/capture-warnings.html
---- generated xml file: /workspace/2d45b76a52f2_t/2d45b76a52f2_t_r1_f8.xml ----
4 passed, 2 warnings in 1.79s
RUN_27_RC=0
....                                                                     [100%]
=============================== warnings summary ===============================
saleor/settings.py:204
  /workspace/2d45b76a52f2_t/saleor/settings.py:204: UserWarning: SECRET_KEY not configured, using a random temporary key.
    warnings.warn("SECRET_KEY not configured, using a random temporary key.")

../../opt/venv/lib/python3.9/site-packages/_pytest/config/__init__.py:1474
  /opt/venv/lib/python3.9/site-packages/_pytest/config/__init__.py:1474: PytestConfigWarning: Unknown config option: asyncio_mode
  
    self._warn_or_fail_if_strict(f"Unknown config option: {key}\n")

-- Docs: https://docs.pytest.org/en/stable/how-to/capture-warnings.html
---- generated xml file: /workspace/2d45b76a52f2_t/2d45b76a52f2_t_r1_f9.xml ----
4 passed, 2 warnings in 1.36s
RUN_28_RC=0
........                                                                 [100%]
=============================== warnings summary ===============================
saleor/settings.py:204
  /workspace/2d45b76a52f2_t/saleor/settings.py:204: UserWarning: SECRET_KEY not configured, using a random temporary key.
    warnings.warn("SECRET_KEY not configured, using a random temporary key.")

../../opt/venv/lib/python3.9/site-packages/_pytest/config/__init__.py:1474
  /opt/venv/lib/python3.9/site-packages/_pytest/config/__init__.py:1474: PytestConfigWarning: Unknown config option: asyncio_mode
  
    self._warn_or_fail_if_strict(f"Unknown config option: {key}\n")

-- Docs: https://docs.pytest.org/en/stable/how-to/capture-warnings.html
--- generated xml file: /workspace/2d45b76a52f2_t/2d45b76a52f2_t_r1_f10.xml ----
8 passed, 2 warnings in 1.55s
RUN_29_RC=0
................................                                         [100%]
=============================== warnings summary ===============================
saleor/settings.py:204
  /workspace/2d45b76a52f2_t/saleor/settings.py:204: UserWarning: SECRET_KEY not configured, using a random temporary key.
    warnings.warn("SECRET_KEY not configured, using a random temporary key.")

../../opt/venv/lib/python3.9/site-packages/_pytest/config/__init__.py:1474
  /opt/venv/lib/python3.9/site-packages/_pytest/config/__init__.py:1474: PytestConfigWarning: Unknown config option: asyncio_mode
  
    self._warn_or_fail_if_strict(f"Unknown config option: {key}\n")

-- Docs: https://docs.pytest.org/en/stable/how-to/capture-warnings.html
---- generated xml file: /workspace/2d45b76a52f2_t/2d45b76a52f2_t_r0_f2.xml ----
32 passed, 2 warnings in 3.49s
RUN_2_RC=0
........                                                                 [100%]
=============================== warnings summary ===============================
saleor/settings.py:204
  /workspace/2d45b76a52f2_t/saleor/settings.py:204: UserWarning: SECRET_KEY not configured, using a random temporary key.
    warnings.warn("SECRET_KEY not configured, using a random temporary key.")

../../opt/venv/lib/python3.9/site-packages/_pytest/config/__init__.py:1474
  /opt/venv/lib/python3.9/site-packages/_pytest/config/__init__.py:1474: PytestConfigWarning: Unknown config option: asyncio_mode
  
    self._warn_or_fail_if_strict(f"Unknown config option: {key}\n")

-- Docs: https://docs.pytest.org/en/stable/how-to/capture-warnings.html
--- generated xml file: /workspace/2d45b76a52f2_t/2d45b76a52f2_t_r1_f11.xml ----
8 passed, 2 warnings in 2.02s
RUN_30_RC=0
...                                                                      [100%]
=============================== warnings summary ===============================
saleor/settings.py:204
  /workspace/2d45b76a52f2_t/saleor/settings.py:204: UserWarning: SECRET_KEY not configured, using a random temporary key.
    warnings.warn("SECRET_KEY not configured, using a random temporary key.")

../../opt/venv/lib/python3.9/site-packages/_pytest/config/__init__.py:1474
  /opt/venv/lib/python3.9/site-packages/_pytest/config/__init__.py:1474: PytestConfigWarning: Unknown config option: asyncio_mode
  
    self._warn_or_fail_if_strict(f"Unknown config option: {key}\n")

-- Docs: https://docs.pytest.org/en/stable/how-to/capture-warnings.html
--- generated xml file: /workspace/2d45b76a52f2_t/2d45b76a52f2_t_r1_f12.xml ----
3 passed, 2 warnings in 1.43s
RUN_31_RC=0
..                                                                       [100%]
=============================== warnings summary ===============================
saleor/settings.py:204
  /workspace/2d45b76a52f2_t/saleor/settings.py:204: UserWarning: SECRET_KEY not configured, using a random temporary key.
    warnings.warn("SECRET_KEY not configured, using a random temporary key.")

../../opt/venv/lib/python3.9/site-packages/_pytest/config/__init__.py:1474
  /opt/venv/lib/python3.9/site-packages/_pytest/config/__init__.py:1474: PytestConfigWarning: Unknown config option: asyncio_mode
  
    self._warn_or_fail_if_strict(f"Unknown config option: {key}\n")

-- Docs: https://docs.pytest.org/en/stable/how-to/capture-warnings.html
--- generated xml file: /workspace/2d45b76a52f2_t/2d45b76a52f2_t_r1_f13.xml ----
2 passed, 2 warnings in 1.34s
RUN_32_RC=0
.....                                                                    [100%]
=============================== warnings summary ===============================
saleor/settings.py:204
  /workspace/2d45b76a52f2_t/saleor/settings.py:204: UserWarning: SECRET_KEY not configured, using a random temporary key.
    warnings.warn("SECRET_KEY not configured, using a random temporary key.")

../../opt/venv/lib/python3.9/site-packages/_pytest/config/__init__.py:1474
  /opt/venv/lib/python3.9/site-packages/_pytest/config/__init__.py:1474: PytestConfigWarning: Unknown config option: asyncio_mode
  
    self._warn_or_fail_if_strict(f"Unknown config option: {key}\n")

-- Docs: https://docs.pytest.org/en/stable/how-to/capture-warnings.html
--- generated xml file: /workspace/2d45b76a52f2_t/2d45b76a52f2_t_r1_f14.xml ----
5 passed, 2 warnings in 1.74s
RUN_33_RC=0
...                                                                      [100%]
=============================== warnings summary ===============================
saleor/settings.py:204
  /workspace/2d45b76a52f2_t/saleor/settings.py:204: UserWarning: SECRET_KEY not configured, using a random temporary key.
    warnings.warn("SECRET_KEY not configured, using a random temporary key.")

../../opt/venv/lib/python3.9/site-packages/_pytest/config/__init__.py:1474
  /opt/venv/lib/python3.9/site-packages/_pytest/config/__init__.py:1474: PytestConfigWarning: Unknown config option: asyncio_mode
  
    self._warn_or_fail_if_strict(f"Unknown config option: {key}\n")

-- Docs: https://docs.pytest.org/en/stable/how-to/capture-warnings.html
--- generated xml file: /workspace/2d45b76a52f2_t/2d45b76a52f2_t_r1_f15.xml ----
3 passed, 2 warnings in 2.10s
RUN_34_RC=0
...                                                                      [100%]
=============================== warnings summary ===============================
saleor/settings.py:204
  /workspace/2d45b76a52f2_t/saleor/settings.py:204: UserWarning: SECRET_KEY not configured, using a random temporary key.
    warnings.warn("SECRET_KEY not configured, using a random temporary key.")

../../opt/venv/lib/python3.9/site-packages/_pytest/config/__init__.py:1474
  /opt/venv/lib/python3.9/site-packages/_pytest/config/__init__.py:1474: PytestConfigWarning: Unknown config option: asyncio_mode
  
    self._warn_or_fail_if_strict(f"Unknown config option: {key}\n")

-- Docs: https://docs.pytest.org/en/stable/how-to/capture-warnings.html
--- generated xml file: /workspace/2d45b76a52f2_t/2d45b76a52f2_t_r1_f16.xml ----
3 passed, 2 warnings in 1.82s
RUN_35_RC=0
.                                                                        [100%]
=============================== warnings summary ===============================
saleor/settings.py:204
  /workspace/2d45b76a52f2_t/saleor/settings.py:204: UserWarning: SECRET_KEY not configured, using a random temporary key.
    warnings.warn("SECRET_KEY not configured, using a random temporary key.")

../../opt/venv/lib/python3.9/site-packages/_pytest/config/__init__.py:1474
  /opt/venv/lib/python3.9/site-packages/_pytest/config/__init__.py:1474: PytestConfigWarning: Unknown config option: asyncio_mode
  
    self._warn_or_fail_if_strict(f"Unknown config option: {key}\n")

-- Docs: https://docs.pytest.org/en/stable/how-to/capture-warnings.html
--- generated xml file: /workspace/2d45b76a52f2_t/2d45b76a52f2_t_r1_f17.xml ----
1 passed, 2 warnings in 1.67s
RUN_36_RC=0
......                                                                   [100%]
=============================== warnings summary ===============================
saleor/settings.py:204
  /workspace/2d45b76a52f2_t/saleor/settings.py:204: UserWarning: SECRET_KEY not configured, using a random temporary key.
    warnings.warn("SECRET_KEY not configured, using a random temporary key.")

../../opt/venv/lib/python3.9/site-packages/_pytest/config/__init__.py:1474
  /opt/venv/lib/python3.9/site-packages/_pytest/config/__init__.py:1474: PytestConfigWarning: Unknown config option: asyncio_mode
  
    self._warn_or_fail_if_strict(f"Unknown config option: {key}\n")

-- Docs: https://docs.pytest.org/en/stable/how-to/capture-warnings.html
--- generated xml file: /workspace/2d45b76a52f2_t/2d45b76a52f2_t_r1_f18.xml ----
6 passed, 2 warnings in 1.80s
RUN_37_RC=0
....                                                                     [100%]
=============================== warnings summary ===============================
saleor/settings.py:204
  /workspace/2d45b76a52f2_t/saleor/settings.py:204: UserWarning: SECRET_KEY not configured, using a random temporary key.
    warnings.warn("SECRET_KEY not configured, using a random temporary key.")

../../opt/venv/lib/python3.9/site-packages/_pytest/config/__init__.py:1474
  /opt/venv/lib/python3.9/site-packages/_pytest/config/__init__.py:1474: PytestConfigWarning: Unknown config option: asyncio_mode
  
    self._warn_or_fail_if_strict(f"Unknown config option: {key}\n")

-- Docs: https://docs.pytest.org/en/stable/how-to/capture-warnings.html
---- generated xml file: /workspace/2d45b76a52f2_t/2d45b76a52f2_t_r2_f0.xml ----
4 passed, 2 warnings in 2.02s
RUN_38_RC=0
........                                                                 [100%]
=============================== warnings summary ===============================
saleor/settings.py:204
  /workspace/2d45b76a52f2_t/saleor/settings.py:204: UserWarning: SECRET_KEY not configured, using a random temporary key.
    warnings.warn("SECRET_KEY not configured, using a random temporary key.")

../../opt/venv/lib/python3.9/site-packages/_pytest/config/__init__.py:1474
  /opt/venv/lib/python3.9/site-packages/_pytest/config/__init__.py:1474: PytestConfigWarning: Unknown config option: asyncio_mode
  
    self._warn_or_fail_if_strict(f"Unknown config option: {key}\n")

-- Docs: https://docs.pytest.org/en/stable/how-to/capture-warnings.html
---- generated xml file: /workspace/2d45b76a52f2_t/2d45b76a52f2_t_r2_f1.xml ----
8 passed, 2 warnings in 1.90s
RUN_39_RC=0
.....................                                                    [100%]
=============================== warnings summary ===============================
saleor/settings.py:204
  /workspace/2d45b76a52f2_t/saleor/settings.py:204: UserWarning: SECRET_KEY not configured, using a random temporary key.
    warnings.warn("SECRET_KEY not configured, using a random temporary key.")

../../opt/venv/lib/python3.9/site-packages/_pytest/config/__init__.py:1474
  /opt/venv/lib/python3.9/site-packages/_pytest/config/__init__.py:1474: PytestConfigWarning: Unknown config option: asyncio_mode
  
    self._warn_or_fail_if_strict(f"Unknown config option: {key}\n")

-- Docs: https://docs.pytest.org/en/stable/how-to/capture-warnings.html
---- generated xml file: /workspace/2d45b76a52f2_t/2d45b76a52f2_t_r0_f3.xml ----
21 passed, 2 warnings in 2.65s
RUN_3_RC=0
................................                                         [100%]
=============================== warnings summary ===============================
saleor/settings.py:204
  /workspace/2d45b76a52f2_t/saleor/settings.py:204: UserWarning: SECRET_KEY not configured, using a random temporary key.
    warnings.warn("SECRET_KEY not configured, using a random temporary key.")

../../opt/venv/lib/python3.9/site-packages/_pytest/config/__init__.py:1474
  /opt/venv/lib/python3.9/site-packages/_pytest/config/__init__.py:1474: PytestConfigWarning: Unknown config option: asyncio_mode
  
    self._warn_or_fail_if_strict(f"Unknown config option: {key}\n")

-- Docs: https://docs.pytest.org/en/stable/how-to/capture-warnings.html
---- generated xml file: /workspace/2d45b76a52f2_t/2d45b76a52f2_t_r2_f2.xml ----
32 passed, 2 warnings in 4.21s
RUN_40_RC=0
.....................                                                    [100%]
=============================== warnings summary ===============================
saleor/settings.py:204
  /workspace/2d45b76a52f2_t/saleor/settings.py:204: UserWarning: SECRET_KEY not configured, using a random temporary key.
    warnings.warn("SECRET_KEY not configured, using a random temporary key.")

../../opt/venv/lib/python3.9/site-packages/_pytest/config/__init__.py:1474
  /opt/venv/lib/python3.9/site-packages/_pytest/config/__init__.py:1474: PytestConfigWarning: Unknown config option: asyncio_mode
  
    self._warn_or_fail_if_strict(f"Unknown config option: {key}\n")

-- Docs: https://docs.pytest.org/en/stable/how-to/capture-warnings.html
---- generated xml file: /workspace/2d45b76a52f2_t/2d45b76a52f2_t_r2_f3.xml ----
21 passed, 2 warnings in 3.62s
RUN_41_RC=0
............................................                             [100%]
=============================== warnings summary ===============================
saleor/settings.py:204
  /workspace/2d45b76a52f2_t/saleor/settings.py:204: UserWarning: SECRET_KEY not configured, using a random temporary key.
    warnings.warn("SECRET_KEY not configured, using a random temporary key.")

../../opt/venv/lib/python3.9/site-packages/_pytest/config/__init__.py:1474
  /opt/venv/lib/python3.9/site-packages/_pytest/config/__init__.py:1474: PytestConfigWarning: Unknown config option: asyncio_mode
  
    self._warn_or_fail_if_strict(f"Unknown config option: {key}\n")

-- Docs: https://docs.pytest.org/en/stable/how-to/capture-warnings.html
---- generated xml file: /workspace/2d45b76a52f2_t/2d45b76a52f2_t_r2_f4.xml ----
44 passed, 2 warnings in 7.24s
RUN_42_RC=0
..                                                                       [100%]
=============================== warnings summary ===============================
saleor/settings.py:204
  /workspace/2d45b76a52f2_t/saleor/settings.py:204: UserWarning: SECRET_KEY not configured, using a random temporary key.
    warnings.warn("SECRET_KEY not configured, using a random temporary key.")

../../opt/venv/lib/python3.9/site-packages/_pytest/config/__init__.py:1474
  /opt/venv/lib/python3.9/site-packages/_pytest/config/__init__.py:1474: PytestConfigWarning: Unknown config option: asyncio_mode
  
    self._warn_or_fail_if_strict(f"Unknown config option: {key}\n")

-- Docs: https://docs.pytest.org/en/stable/how-to/capture-warnings.html
---- generated xml file: /workspace/2d45b76a52f2_t/2d45b76a52f2_t_r2_f5.xml ----
2 passed, 2 warnings in 1.97s
RUN_43_RC=0
............                                                             [100%]
=============================== warnings summary ===============================
saleor/settings.py:204
  /workspace/2d45b76a52f2_t/saleor/settings.py:204: UserWarning: SECRET_KEY not configured, using a random temporary key.
    warnings.warn("SECRET_KEY not configured, using a random temporary key.")

../../opt/venv/lib/python3.9/site-packages/_pytest/config/__init__.py:1474
  /opt/venv/lib/python3.9/site-packages/_pytest/config/__init__.py:1474: PytestConfigWarning: Unknown config option: asyncio_mode
  
    self._warn_or_fail_if_strict(f"Unknown config option: {key}\n")

-- Docs: https://docs.pytest.org/en/stable/how-to/capture-warnings.html
---- generated xml file: /workspace/2d45b76a52f2_t/2d45b76a52f2_t_r2_f6.xml ----
12 passed, 2 warnings in 2.15s
RUN_44_RC=0
......                                                                   [100%]
=============================== warnings summary ===============================
saleor/settings.py:204
  /workspace/2d45b76a52f2_t/saleor/settings.py:204: UserWarning: SECRET_KEY not configured, using a random temporary key.
    warnings.warn("SECRET_KEY not configured, using a random temporary key.")

../../opt/venv/lib/python3.9/site-packages/_pytest/config/__init__.py:1474
  /opt/venv/lib/python3.9/site-packages/_pytest/config/__init__.py:1474: PytestConfigWarning: Unknown config option: asyncio_mode
  
    self._warn_or_fail_if_strict(f"Unknown config option: {key}\n")

-- Docs: https://docs.pytest.org/en/stable/how-to/capture-warnings.html
---- generated xml file: /workspace/2d45b76a52f2_t/2d45b76a52f2_t_r2_f7.xml ----
6 passed, 2 warnings in 2.13s
RUN_45_RC=0
....                                                                     [100%]
=============================== warnings summary ===============================
saleor/settings.py:204
  /workspace/2d45b76a52f2_t/saleor/settings.py:204: UserWarning: SECRET_KEY not configured, using a random temporary key.
    warnings.warn("SECRET_KEY not configured, using a random temporary key.")

../../opt/venv/lib/python3.9/site-packages/_pytest/config/__init__.py:1474
  /opt/venv/lib/python3.9/site-packages/_pytest/config/__init__.py:1474: PytestConfigWarning: Unknown config option: asyncio_mode
  
    self._warn_or_fail_if_strict(f"Unknown config option: {key}\n")

-- Docs: https://docs.pytest.org/en/stable/how-to/capture-warnings.html
---- generated xml file: /workspace/2d45b76a52f2_t/2d45b76a52f2_t_r2_f8.xml ----
4 passed, 2 warnings in 2.53s
RUN_46_RC=0
....                                                                     [100%]
=============================== warnings summary ===============================
saleor/settings.py:204
  /workspace/2d45b76a52f2_t/saleor/settings.py:204: UserWarning: SECRET_KEY not configured, using a random temporary key.
    warnings.warn("SECRET_KEY not configured, using a random temporary key.")

../../opt/venv/lib/python3.9/site-packages/_pytest/config/__init__.py:1474
  /opt/venv/lib/python3.9/site-packages/_pytest/config/__init__.py:1474: PytestConfigWarning: Unknown config option: asyncio_mode
  
    self._warn_or_fail_if_strict(f"Unknown config option: {key}\n")

-- Docs: https://docs.pytest.org/en/stable/how-to/capture-warnings.html
---- generated xml file: /workspace/2d45b76a52f2_t/2d45b76a52f2_t_r2_f9.xml ----
4 passed, 2 warnings in 2.04s
RUN_47_RC=0
........                                                                 [100%]
=============================== warnings summary ===============================
saleor/settings.py:204
  /workspace/2d45b76a52f2_t/saleor/settings.py:204: UserWarning: SECRET_KEY not configured, using a random temporary key.
    warnings.warn("SECRET_KEY not configured, using a random temporary key.")

../../opt/venv/lib/python3.9/site-packages/_pytest/config/__init__.py:1474
  /opt/venv/lib/python3.9/site-packages/_pytest/config/__init__.py:1474: PytestConfigWarning: Unknown config option: asyncio_mode
  
    self._warn_or_fail_if_strict(f"Unknown config option: {key}\n")

-- Docs: https://docs.pytest.org/en/stable/how-to/capture-warnings.html
--- generated xml file: /workspace/2d45b76a52f2_t/2d45b76a52f2_t_r2_f10.xml ----
8 passed, 2 warnings in 2.43s
RUN_48_RC=0
........                                                                 [100%]
=============================== warnings summary ===============================
saleor/settings.py:204
  /workspace/2d45b76a52f2_t/saleor/settings.py:204: UserWarning: SECRET_KEY not configured, using a random temporary key.
    warnings.warn("SECRET_KEY not configured, using a random temporary key.")

../../opt/venv/lib/python3.9/site-packages/_pytest/config/__init__.py:1474
  /opt/venv/lib/python3.9/site-packages/_pytest/config/__init__.py:1474: PytestConfigWarning: Unknown config option: asyncio_mode
  
    self._warn_or_fail_if_strict(f"Unknown config option: {key}\n")

-- Docs: https://docs.pytest.org/en/stable/how-to/capture-warnings.html
--- generated xml file: /workspace/2d45b76a52f2_t/2d45b76a52f2_t_r2_f11.xml ----
8 passed, 2 warnings in 2.82s
RUN_49_RC=0
............................................                             [100%]
=============================== warnings summary ===============================
saleor/settings.py:204
  /workspace/2d45b76a52f2_t/saleor/settings.py:204: UserWarning: SECRET_KEY not configured, using a random temporary key.
    warnings.warn("SECRET_KEY not configured, using a random temporary key.")

../../opt/venv/lib/python3.9/site-packages/_pytest/config/__init__.py:1474
  /opt/venv/lib/python3.9/site-packages/_pytest/config/__init__.py:1474: PytestConfigWarning: Unknown config option: asyncio_mode
  
    self._warn_or_fail_if_strict(f"Unknown config option: {key}\n")

-- Docs: https://docs.pytest.org/en/stable/how-to/capture-warnings.html
---- generated xml file: /workspace/2d45b76a52f2_t/2d45b76a52f2_t_r0_f4.xml ----
44 passed, 2 warnings in 5.53s
RUN_4_RC=0
...                                                                      [100%]
=============================== warnings summary ===============================
saleor/settings.py:204
  /workspace/2d45b76a52f2_t/saleor/settings.py:204: UserWarning: SECRET_KEY not configured, using a random temporary key.
    warnings.warn("SECRET_KEY not configured, using a random temporary key.")

../../opt/venv/lib/python3.9/site-packages/_pytest/config/__init__.py:1474
  /opt/venv/lib/python3.9/site-packages/_pytest/config/__init__.py:1474: PytestConfigWarning: Unknown config option: asyncio_mode
  
    self._warn_or_fail_if_strict(f"Unknown config option: {key}\n")

-- Docs: https://docs.pytest.org/en/stable/how-to/capture-warnings.html
--- generated xml file: /workspace/2d45b76a52f2_t/2d45b76a52f2_t_r2_f12.xml ----
3 passed, 2 warnings in 1.85s
RUN_50_RC=0
..                                                                       [100%]
=============================== warnings summary ===============================
saleor/settings.py:204
  /workspace/2d45b76a52f2_t/saleor/settings.py:204: UserWarning: SECRET_KEY not configured, using a random temporary key.
    warnings.warn("SECRET_KEY not configured, using a random temporary key.")

../../opt/venv/lib/python3.9/site-packages/_pytest/config/__init__.py:1474
  /opt/venv/lib/python3.9/site-packages/_pytest/config/__init__.py:1474: PytestConfigWarning: Unknown config option: asyncio_mode
  
    self._warn_or_fail_if_strict(f"Unknown config option: {key}\n")

-- Docs: https://docs.pytest.org/en/stable/how-to/capture-warnings.html
--- generated xml file: /workspace/2d45b76a52f2_t/2d45b76a52f2_t_r2_f13.xml ----
2 passed, 2 warnings in 1.87s
RUN_51_RC=0
.....                                                                    [100%]
=============================== warnings summary ===============================
saleor/settings.py:204
  /workspace/2d45b76a52f2_t/saleor/settings.py:204: UserWarning: SECRET_KEY not configured, using a random temporary key.
    warnings.warn("SECRET_KEY not configured, using a random temporary key.")

../../opt/venv/lib/python3.9/site-packages/_pytest/config/__init__.py:1474
  /opt/venv/lib/python3.9/site-packages/_pytest/config/__init__.py:1474: PytestConfigWarning: Unknown config option: asyncio_mode
  
    self._warn_or_fail_if_strict(f"Unknown config option: {key}\n")

-- Docs: https://docs.pytest.org/en/stable/how-to/capture-warnings.html
--- generated xml file: /workspace/2d45b76a52f2_t/2d45b76a52f2_t_r2_f14.xml ----
5 passed, 2 warnings in 2.59s
RUN_52_RC=0
...                                                                      [100%]
=============================== warnings summary ===============================
saleor/settings.py:204
  /workspace/2d45b76a52f2_t/saleor/settings.py:204: UserWarning: SECRET_KEY not configured, using a random temporary key.
    warnings.warn("SECRET_KEY not configured, using a random temporary key.")

../../opt/venv/lib/python3.9/site-packages/_pytest/config/__init__.py:1474
  /opt/venv/lib/python3.9/site-packages/_pytest/config/__init__.py:1474: PytestConfigWarning: Unknown config option: asyncio_mode
  
    self._warn_or_fail_if_strict(f"Unknown config option: {key}\n")

-- Docs: https://docs.pytest.org/en/stable/how-to/capture-warnings.html
--- generated xml file: /workspace/2d45b76a52f2_t/2d45b76a52f2_t_r2_f15.xml ----
3 passed, 2 warnings in 2.02s
RUN_53_RC=0
...                                                                      [100%]
=============================== warnings summary ===============================
saleor/settings.py:204
  /workspace/2d45b76a52f2_t/saleor/settings.py:204: UserWarning: SECRET_KEY not configured, using a random temporary key.
    warnings.warn("SECRET_KEY not configured, using a random temporary key.")

../../opt/venv/lib/python3.9/site-packages/_pytest/config/__init__.py:1474
  /opt/venv/lib/python3.9/site-packages/_pytest/config/__init__.py:1474: PytestConfigWarning: Unknown config option: asyncio_mode
  
    self._warn_or_fail_if_strict(f"Unknown config option: {key}\n")

-- Docs: https://docs.pytest.org/en/stable/how-to/capture-warnings.html
--- generated xml file: /workspace/2d45b76a52f2_t/2d45b76a52f2_t_r2_f16.xml ----
3 passed, 2 warnings in 2.02s
RUN_54_RC=0
.                                                                        [100%]
=============================== warnings summary ===============================
saleor/settings.py:204
  /workspace/2d45b76a52f2_t/saleor/settings.py:204: UserWarning: SECRET_KEY not configured, using a random temporary key.
    warnings.warn("SECRET_KEY not configured, using a random temporary key.")

../../opt/venv/lib/python3.9/site-packages/_pytest/config/__init__.py:1474
  /opt/venv/lib/python3.9/site-packages/_pytest/config/__init__.py:1474: PytestConfigWarning: Unknown config option: asyncio_mode
  
    self._warn_or_fail_if_strict(f"Unknown config option: {key}\n")

-- Docs: https://docs.pytest.org/en/stable/how-to/capture-warnings.html
--- generated xml file: /workspace/2d45b76a52f2_t/2d45b76a52f2_t_r2_f17.xml ----
1 passed, 2 warnings in 2.23s
RUN_55_RC=0
......                                                                   [100%]
=============================== warnings summary ===============================
saleor/settings.py:204
  /workspace/2d45b76a52f2_t/saleor/settings.py:204: UserWarning: SECRET_KEY not configured, using a random temporary key.
    warnings.warn("SECRET_KEY not configured, using a random temporary key.")

../../opt/venv/lib/python3.9/site-packages/_pytest/config/__init__.py:1474
  /opt/venv/lib/python3.9/site-packages/_pytest/config/__init__.py:1474: PytestConfigWarning: Unknown config option: asyncio_mode
  
    self._warn_or_fail_if_strict(f"Unknown config option: {key}\n")

-- Docs: https://docs.pytest.org/en/stable/how-to/capture-warnings.html
--- generated xml file: /workspace/2d45b76a52f2_t/2d45b76a52f2_t_r2_f18.xml ----
6 passed, 2 warnings in 2.13s
RUN_56_RC=0
..                                                                       [100%]
=============================== warnings summary ===============================
saleor/settings.py:204
  /workspace/2d45b76a52f2_t/saleor/settings.py:204: UserWarning: SECRET_KEY not configured, using a random temporary key.
    warnings.warn("SECRET_KEY not configured, using a random temporary key.")

../../opt/venv/lib/python3.9/site-packages/_pytest/config/__init__.py:1474
  /opt/venv/lib/python3.9/site-packages/_pytest/config/__init__.py:1474: PytestConfigWarning: Unknown config option: asyncio_mode
  
    self._warn_or_fail_if_strict(f"Unknown config option: {key}\n")

-- Docs: https://docs.pytest.org/en/stable/how-to/capture-warnings.html
---- generated xml file: /workspace/2d45b76a52f2_t/2d45b76a52f2_t_r0_f5.xml ----
2 passed, 2 warnings in 1.49s
RUN_5_RC=0
............                                                             [100%]
=============================== warnings summary ===============================
saleor/settings.py:204
  /workspace/2d45b76a52f2_t/saleor/settings.py:204: UserWarning: SECRET_KEY not configured, using a random temporary key.
    warnings.warn("SECRET_KEY not configured, using a random temporary key.")

../../opt/venv/lib/python3.9/site-packages/_pytest/config/__init__.py:1474
  /opt/venv/lib/python3.9/site-packages/_pytest/config/__init__.py:1474: PytestConfigWarning: Unknown config option: asyncio_mode
  
    self._warn_or_fail_if_strict(f"Unknown config option: {key}\n")

-- Docs: https://docs.pytest.org/en/stable/how-to/capture-warnings.html
---- generated xml file: /workspace/2d45b76a52f2_t/2d45b76a52f2_t_r0_f6.xml ----
12 passed, 2 warnings in 1.61s
RUN_6_RC=0
......                                                                   [100%]
=============================== warnings summary ===============================
saleor/settings.py:204
  /workspace/2d45b76a52f2_t/saleor/settings.py:204: UserWarning: SECRET_KEY not configured, using a random temporary key.
    warnings.warn("SECRET_KEY not configured, using a random temporary key.")

../../opt/venv/lib/python3.9/site-packages/_pytest/config/__init__.py:1474
  /opt/venv/lib/python3.9/site-packages/_pytest/config/__init__.py:1474: PytestConfigWarning: Unknown config option: asyncio_mode
  
    self._warn_or_fail_if_strict(f"Unknown config option: {key}\n")

-- Docs: https://docs.pytest.org/en/stable/how-to/capture-warnings.html
---- generated xml file: /workspace/2d45b76a52f2_t/2d45b76a52f2_t_r0_f7.xml ----
6 passed, 2 warnings in 1.58s
RUN_7_RC=0
....                                                                     [100%]
=============================== warnings summary ===============================
saleor/settings.py:204
  /workspace/2d45b76a52f2_t/saleor/settings.py:204: UserWarning: SECRET_KEY not configured, using a random temporary key.
    warnings.warn("SECRET_KEY not configured, using a random temporary key.")

../../opt/venv/lib/python3.9/site-packages/_pytest/config/__init__.py:1474
  /opt/venv/lib/python3.9/site-packages/_pytest/config/__init__.py:1474: PytestConfigWarning: Unknown config option: asyncio_mode
  
    self._warn_or_fail_if_strict(f"Unknown config option: {key}\n")

-- Docs: https://docs.pytest.org/en/stable/how-to/capture-warnings.html
---- generated xml file: /workspace/2d45b76a52f2_t/2d45b76a52f2_t_r0_f8.xml ----
4 passed, 2 warnings in 1.86s
RUN_8_RC=0
....                                                                     [100%]
=============================== warnings summary ===============================
saleor/settings.py:204
  /workspace/2d45b76a52f2_t/saleor/settings.py:204: UserWarning: SECRET_KEY not configured, using a random temporary key.
    warnings.warn("SECRET_KEY not configured, using a random temporary key.")

../../opt/venv/lib/python3.9/site-packages/_pytest/config/__init__.py:1474
  /opt/venv/lib/python3.9/site-packages/_pytest/config/__init__.py:1474: PytestConfigWarning: Unknown config option: asyncio_mode
  
    self._warn_or_fail_if_strict(f"Unknown config option: {key}\n")

-- Docs: https://docs.pytest.org/en/stable/how-to/capture-warnings.html
---- generated xml file: /workspace/2d45b76a52f2_t/2d45b76a52f2_t_r0_f9.xml ----
4 passed, 2 warnings in 1.45s
RUN_9_RC=0
