Using Python 3.8.20 environment at: /opt/venv
Resolved 129 packages in 1.28s
warning: Failed to hardlink files; falling back to full copy. This may lead to degraded performance.
         If the cache and target directories are on different filesystems, hardlinking may not be supported.
         If this is intentional, set `export UV_LINK_MODE=copy` or use `--link-mode=copy` to suppress this warning.
Installed 129 packages in 4.68s
 + adyen==3.0.0
 + amqp==2.6.1
 + aniso8601==7.0.0
 + asgiref==3.2.10
 + babel==2.8.0
 + beautifulsoup4==4.7.1
 + billiard==3.6.3.0
 + boto3==1.14.38
 + botocore==1.17.38
 + braintree==4.3.0
 + cachetools==4.1.1
 + cairocffi==1.1.0
 + cairosvg==2.4.2
 + celery==4.4.7
 + certifi==2020.6.20
 + cffi==1.14.1
 + chardet==3.0.4
 + click==7.1.2
 + cssselect2==0.3.0
 + defusedxml==0.6.0
 + dj-database-url==0.5.0
 + dj-email-url==1.0.1
 + django==3.1
 + django-appconf==1.0.4
 + django-cache-url==3.1.2
 + django-countries==6.1.2
 + django-filter==2.3.0
 + django-js-asset==1.2.2
 + django-measurement==3.2.3
 + django-mptt==0.11.0
 + django-phonenumber-field==4.0.0
 + django-prices==2.2.0
 + django-prices-openexchangerates==1.1.0
 + django-prices-vatlayer==1.1.0
 + django-redis==4.12.1
 + django-render-block==0.7
 + django-storages==1.9.1
 + django-templated-email==2.3.0
 + django-versatileimagefield==2.0
 + docutils==0.15.2
 + draftjs-sanitizer==1.0.0
 + enmerkar==0.7.1
 + et-xmlfile==1.0.1
 + faker==4.1.1
 + freezegun==0.3.15
 + google-api-core==1.22.0
 + google-auth==1.20.1
 + google-cloud-core==1.4.1
 + google-cloud-pubsub==1.7.0
 + google-cloud-storage==1.30.0
 + google-crc32c==0.1.0
 + google-i18n-address==2.3.5
 + google-measurement-protocol==1.0.0
 + google-resumable-media==0.7.1
 + googleapis-common-protos==1.52.0
 + graphene==2.1.8
 + graphene-django==2.13.0
 + graphene-federation==0.1.0
 + graphql-core==2.3.2
 + graphql-relay==2.0.1
 + grpc-google-iam-v1==0.12.3
 + grpcio==1.31.0
 + gunicorn==20.0.4
 + h11==0.9.0
 + html-to-draftjs==1.0.1
 + html5lib==1.1
 + httptools==0.1.1
 + idna==2.10
 + jaeger-client==4.3.0
 + jdcal==1.4.1
 + jmespath==0.10.0
 + jsonfield==3.1.0
 + kombu==4.6.11
 + lxml==4.5.2
 + markdown==3.2.2
 + maxminddb==2.0.2
 + maxminddb-geolite2==2018.703
 + measurement==3.2.0
 + mpmath==1.1.0
 + oauthlib==3.1.0
 + openpyxl==3.0.4
 + opentracing==2.3.0
 + petl==1.6.2
 + phonenumberslite==8.12.7
 + pillow==7.2.0
 + prices==1.0.0
 + promise==2.3
 + protobuf==3.12.4
 + psycopg2-binary==2.8.5
 + purl==1.5
 + pyasn1==0.4.8
 + pyasn1-modules==0.2.8
 + pycparser==2.20
 + pyjwt==1.7.1
 + pyphen==0.9.5
 + python-dateutil==2.8.1
 + python-json-logger==0.1.11
 + python-magic==0.4.18
 + pytimeparse==1.1.8
 + pytz==2020.1
 + razorpay==1.2.0
 + redis==3.5.3
 + requests==2.24.0
 + rsa==4.6
 + rx==1.6.1
 + s3transfer==0.3.3
 + sentry-sdk==0.16.3
 + setuptools==75.3.4
 + singledispatch==3.4.0.3
 + six==1.15.0
 + soupsieve==2.0.1
 + sqlparse==0.3.1
 + stripe==2.50.0
 + sympy==1.6.2
 + text-unidecode==1.3
 + threadloop==1.0.2
 + thrift==0.13.0
 + tinycss2==1.0.2
 + tornado==6.0.4
 + tqdm==4.48.2
 + typing==3.7.4.3
 + unidecode==1.1.1
 + urllib3==1.25.10
 + uvicorn==0.11.8
 + uvloop==0.14.0
 + vine==1.3.0
 + weasyprint==51
 + webencodings==0.5.1
 + websockets==8.1
warning: `braintree==4.3.0` is yanked (reason: "critical bugs")
Using Python 3.8.20 environment at: /opt/venv
  × No solution found when resolving dependencies:
  ╰─▶ Because there is no version of codecov==2.1.9 and you require
      codecov==2.1.9, we can conclude that your requirements are
      unsatisfiable.
DEV_RETRY_R1 dropped=1
Using Python 3.8.20 environment at: /opt/venv
  × No solution found when resolving dependencies:
  ╰─▶ Because python-magic-bin==0.4.14 has no wheels with a matching
      platform tag (e.g., `manylinux_2_36_x86_64`) and you require
      python-magic-bin==0.4.14, we can conclude that your requirements are
      unsatisfiable.

hint: Wheels are available for `python-magic-bin` (v0.4.14) on the following platforms: `macosx_10_6_intel`, `win32`, `win_amd64`DEV_RETRY_R2 dropped=2
Using Python 3.8.20 environment at: /opt/venv
Resolved 97 packages in 369ms
Uninstalled 6 packages in 152ms
warning: Failed to hardlink files; falling back to full copy. This may lead to degraded performance.
         If the cache and target directories are on different filesystems, hardlinking may not be supported.
         If this is intentional, set `export UV_LINK_MODE=copy` or use `--link-mode=copy` to suppress this warning.
Installed 70 packages in 1.47s
 + appdirs==1.4.4
 + astroid==2.4.2
 + attrs==25.3.0
 + beautifultable==0.7.0
 + black==19.10b0
 - boto3==1.14.38
 + boto3==1.14.43
 - botocore==1.17.38
 + botocore==1.17.43
 + cfgv==3.2.0
 + colorama==0.4.6
 + coverage==5.2.1
 + distlib==0.3.1
 - django-countries==6.1.2
 + django-countries==6.1.3
 + django-debug-toolbar==2.2
 + django-debug-toolbar-request-history==0.1.3
 + django-extensions==3.0.5
 + django-graphiql-debug-toolbar==0.1.4
 + django-stubs==1.2.0
 + exceptiongroup==1.2.2
 + filelock==3.0.12
 + flake8==3.8.3
 + gitdb==4.0.5
 + gitpython==3.1.7
 + identify==1.4.25
 + iniconfig==2.1.0
 + isort==4.3.21
 + jinja2==2.11.2
 + lazy-object-proxy==1.4.3
 + markupsafe==1.1.1
 + mccabe==0.6.1
 + multidict==4.7.6
 + mypy==0.740
 + mypy-extensions==0.4.3
 + nodeenv==1.4.0
 - openpyxl==3.0.4
 + openpyxl==3.0.5
 + packaging==26.2
 + pathspec==0.8.0
 - petl==1.6.2
 + petl==1.6.3
 - phonenumberslite==8.12.7
 + phonenumberslite==8.12.8
 + pluggy==1.5.0
 + pre-commit==2.7.1
 + py==1.11.0
 + pycodestyle==2.6.0
 + pydocstyle==5.0.2
 + pyflakes==2.2.0
 + pylint==2.6.0
 + pylint-celery==0.3
 + pylint-django==2.3.0
 + pylint-plugin-utils==0.6
 + pyparsing==2.4.7
 + pytest==8.3.5
 + pytest-cov==2.10.1
 + pytest-django-queries==1.1.0
 + pytest-mock==3.3.0
 + pytest-vcr==1.0.2
 + python-slugify==4.0.1
 + pywatchman==1.4.1
 + pyyaml==5.3.1
 + regex==2020.7.14
 + smmap==3.0.4
 + snowballstemmer==2.0.0
 + toml==0.10.2
 + tomli==2.4.1
 + tox==3.19.0
 + transifex-client==0.13.11
 + typed-ast==1.4.1
 + typing-extensions==3.7.4.2
 + vcrpy==4.1.0
 + virtualenv==20.0.30
 + wrapt==1.12.1
 + yarl==1.5.1
DEV_INSTALL_OK
Using Python 3.8.20 environment at: /opt/venv
Resolved 13 packages in 412ms
warning: Failed to hardlink files; falling back to full copy. This may lead to degraded performance.
         If the cache and target directories are on different filesystems, hardlinking may not be supported.
         If this is intentional, set `export UV_LINK_MODE=copy` or use `--link-mode=copy` to suppress this warning.
Installed 5 packages in 34ms
 + execnet==2.1.2
 + pytest-django==4.11.1
 + pytest-socket==0.7.0
 + pytest-xdist==3.6.1
 + wheel==0.45.1
