....                                                                     [100%]
=============================== warnings summary ===============================
saleor/settings.py:204
  /workspace/2d45b76a52f2_p/saleor/settings.py:204: UserWarning: SECRET_KEY not configured, using a random temporary key.
    warnings.warn("SECRET_KEY not configured, using a random temporary key.")

../../opt/venv/lib/python3.9/site-packages/_pytest/config/__init__.py:1474
  /opt/venv/lib/python3.9/site-packages/_pytest/config/__init__.py:1474: PytestConfigWarning: Unknown config option: asyncio_mode
  
    self._warn_or_fail_if_strict(f"Unknown config option: {key}\n")

-- Docs: https://docs.pytest.org/en/stable/how-to/capture-warnings.html
---- generated xml file: /workspace/2d45b76a52f2_p/2d45b76a52f2_p_r0_f0.xml ----
4 passed, 2 warnings in 133.15s (0:02:13)
RUN_0_RC=0
........                                                                 [100%]
=============================== warnings summary ===============================
saleor/settings.py:204
  /workspace/2d45b76a52f2_p/saleor/settings.py:204: UserWarning: SECRET_KEY not configured, using a random temporary key.
    warnings.warn("SECRET_KEY not configured, using a random temporary key.")

../../opt/venv/lib/python3.9/site-packages/_pytest/config/__init__.py:1474
  /opt/venv/lib/python3.9/site-packages/_pytest/config/__init__.py:1474: PytestConfigWarning: Unknown config option: asyncio_mode
  
    self._warn_or_fail_if_strict(f"Unknown config option: {key}\n")

-- Docs: https://docs.pytest.org/en/stable/how-to/capture-warnings.html
--- generated xml file: /workspace/2d45b76a52f2_p/2d45b76a52f2_p_r0_f10.xml ----
8 passed, 2 warnings in 2.16s
RUN_10_RC=0
........                                                                 [100%]
=============================== warnings summary ===============================
saleor/settings.py:204
  /workspace/2d45b76a52f2_p/saleor/settings.py:204: UserWarning: SECRET_KEY not configured, using a random temporary key.
    warnings.warn("SECRET_KEY not configured, using a random temporary key.")

../../opt/venv/lib/python3.9/site-packages/_pytest/config/__init__.py:1474
  /opt/venv/lib/python3.9/site-packages/_pytest/config/__init__.py:1474: PytestConfigWarning: Unknown config option: asyncio_mode
  
    self._warn_or_fail_if_strict(f"Unknown config option: {key}\n")

-- Docs: https://docs.pytest.org/en/stable/how-to/capture-warnings.html
--- generated xml file: /workspace/2d45b76a52f2_p/2d45b76a52f2_p_r0_f11.xml ----
8 passed, 2 warnings in 3.22s
RUN_11_RC=0
...                                                                      [100%]
=============================== warnings summary ===============================
saleor/settings.py:204
  /workspace/2d45b76a52f2_p/saleor/settings.py:204: UserWarning: SECRET_KEY not configured, using a random temporary key.
    warnings.warn("SECRET_KEY not configured, using a random temporary key.")

../../opt/venv/lib/python3.9/site-packages/_pytest/config/__init__.py:1474
  /opt/venv/lib/python3.9/site-packages/_pytest/config/__init__.py:1474: PytestConfigWarning: Unknown config option: asyncio_mode
  
    self._warn_or_fail_if_strict(f"Unknown config option: {key}\n")

-- Docs: https://docs.pytest.org/en/stable/how-to/capture-warnings.html
--- generated xml file: /workspace/2d45b76a52f2_p/2d45b76a52f2_p_r0_f12.xml ----
3 passed, 2 warnings in 2.01s
RUN_12_RC=0
..                                                                       [100%]
=============================== warnings summary ===============================
saleor/settings.py:204
  /workspace/2d45b76a52f2_p/saleor/settings.py:204: UserWarning: SECRET_KEY not configured, using a random temporary key.
    warnings.warn("SECRET_KEY not configured, using a random temporary key.")

../../opt/venv/lib/python3.9/site-packages/_pytest/config/__init__.py:1474
  /opt/venv/lib/python3.9/site-packages/_pytest/config/__init__.py:1474: PytestConfigWarning: Unknown config option: asyncio_mode
  
    self._warn_or_fail_if_strict(f"Unknown config option: {key}\n")

-- Docs: https://docs.pytest.org/en/stable/how-to/capture-warnings.html
--- generated xml file: /workspace/2d45b76a52f2_p/2d45b76a52f2_p_r0_f13.xml ----
2 passed, 2 warnings in 1.98s
RUN_13_RC=0
.....                                                                    [100%]
=============================== warnings summary ===============================
saleor/settings.py:204
  /workspace/2d45b76a52f2_p/saleor/settings.py:204: UserWarning: SECRET_KEY not configured, using a random temporary key.
    warnings.warn("SECRET_KEY not configured, using a random temporary key.")

../../opt/venv/lib/python3.9/site-packages/_pytest/config/__init__.py:1474
  /opt/venv/lib/python3.9/site-packages/_pytest/config/__init__.py:1474: PytestConfigWarning: Unknown config option: asyncio_mode
  
    self._warn_or_fail_if_strict(f"Unknown config option: {key}\n")

-- Docs: https://docs.pytest.org/en/stable/how-to/capture-warnings.html
--- generated xml file: /workspace/2d45b76a52f2_p/2d45b76a52f2_p_r0_f14.xml ----
5 passed, 2 warnings in 2.72s
RUN_14_RC=0
...                                                                      [100%]
=============================== warnings summary ===============================
saleor/settings.py:204
  /workspace/2d45b76a52f2_p/saleor/settings.py:204: UserWarning: SECRET_KEY not configured, using a random temporary key.
    warnings.warn("SECRET_KEY not configured, using a random temporary key.")

../../opt/venv/lib/python3.9/site-packages/_pytest/config/__init__.py:1474
  /opt/venv/lib/python3.9/site-packages/_pytest/config/__init__.py:1474: PytestConfigWarning: Unknown config option: asyncio_mode
  
    self._warn_or_fail_if_strict(f"Unknown config option: {key}\n")

-- Docs: https://docs.pytest.org/en/stable/how-to/capture-warnings.html
--- generated xml file: /workspace/2d45b76a52f2_p/2d45b76a52f2_p_r0_f15.xml ----
3 passed, 2 warnings in 2.22s
RUN_15_RC=0
...                                                                      [100%]
=============================== warnings summary ===============================
saleor/settings.py:204
  /workspace/2d45b76a52f2_p/saleor/settings.py:204: UserWarning: SECRET_KEY not configured, using a random temporary key.
    warnings.warn("SECRET_KEY not configured, using a random temporary key.")

../../opt/venv/lib/python3.9/site-packages/_pytest/config/__init__.py:1474
  /opt/venv/lib/python3.9/site-packages/_pytest/config/__init__.py:1474: PytestConfigWarning: Unknown config option: asyncio_mode
  
    self._warn_or_fail_if_strict(f"Unknown config option: {key}\n")

-- Docs: https://docs.pytest.org/en/stable/how-to/capture-warnings.html
--- generated xml file: /workspace/2d45b76a52f2_p/2d45b76a52f2_p_r0_f16.xml ----
3 passed, 2 warnings in 2.12s
RUN_16_RC=0
.                                                                        [100%]
=============================== warnings summary ===============================
saleor/settings.py:204
  /workspace/2d45b76a52f2_p/saleor/settings.py:204: UserWarning: SECRET_KEY not configured, using a random temporary key.
    warnings.warn("SECRET_KEY not configured, using a random temporary key.")

../../opt/venv/lib/python3.9/site-packages/_pytest/config/__init__.py:1474
  /opt/venv/lib/python3.9/site-packages/_pytest/config/__init__.py:1474: PytestConfigWarning: Unknown config option: asyncio_mode
  
    self._warn_or_fail_if_strict(f"Unknown config option: {key}\n")

-- Docs: https://docs.pytest.org/en/stable/how-to/capture-warnings.html
--- generated xml file: /workspace/2d45b76a52f2_p/2d45b76a52f2_p_r0_f17.xml ----
1 passed, 2 warnings in 2.18s
RUN_17_RC=0
......                                                                   [100%]
=============================== warnings summary ===============================
saleor/settings.py:204
  /workspace/2d45b76a52f2_p/saleor/settings.py:204: UserWarning: SECRET_KEY not configured, using a random temporary key.
    warnings.warn("SECRET_KEY not configured, using a random temporary key.")

../../opt/venv/lib/python3.9/site-packages/_pytest/config/__init__.py:1474
  /opt/venv/lib/python3.9/site-packages/_pytest/config/__init__.py:1474: PytestConfigWarning: Unknown config option: asyncio_mode
  
    self._warn_or_fail_if_strict(f"Unknown config option: {key}\n")

-- Docs: https://docs.pytest.org/en/stable/how-to/capture-warnings.html
--- generated xml file: /workspace/2d45b76a52f2_p/2d45b76a52f2_p_r0_f18.xml ----
6 passed, 2 warnings in 2.17s
RUN_18_RC=0
....                                                                     [100%]
=============================== warnings summary ===============================
saleor/settings.py:204
  /workspace/2d45b76a52f2_p/saleor/settings.py:204: UserWarning: SECRET_KEY not configured, using a random temporary key.
    warnings.warn("SECRET_KEY not configured, using a random temporary key.")

../../opt/venv/lib/python3.9/site-packages/_pytest/config/__init__.py:1474
  /opt/venv/lib/python3.9/site-packages/_pytest/config/__init__.py:1474: PytestConfigWarning: Unknown config option: asyncio_mode
  
    self._warn_or_fail_if_strict(f"Unknown config option: {key}\n")

-- Docs: https://docs.pytest.org/en/stable/how-to/capture-warnings.html
---- generated xml file: /workspace/2d45b76a52f2_p/2d45b76a52f2_p_r1_f0.xml ----
4 passed, 2 warnings in 2.48s
RUN_19_RC=0
........                                                                 [100%]
=============================== warnings summary ===============================
saleor/settings.py:204
  /workspace/2d45b76a52f2_p/saleor/settings.py:204: UserWarning: SECRET_KEY not configured, using a random temporary key.
    warnings.warn("SECRET_KEY not configured, using a random temporary key.")

../../opt/venv/lib/python3.9/site-packages/_pytest/config/__init__.py:1474
  /opt/venv/lib/python3.9/site-packages/_pytest/config/__init__.py:1474: PytestConfigWarning: Unknown config option: asyncio_mode
  
    self._warn_or_fail_if_strict(f"Unknown config option: {key}\n")

-- Docs: https://docs.pytest.org/en/stable/how-to/capture-warnings.html
---- generated xml file: /workspace/2d45b76a52f2_p/2d45b76a52f2_p_r0_f1.xml ----
8 passed, 2 warnings in 2.17s
RUN_1_RC=0
........                                                                 [100%]
=============================== warnings summary ===============================
saleor/settings.py:204
  /workspace/2d45b76a52f2_p/saleor/settings.py:204: UserWarning: SECRET_KEY not configured, using a random temporary key.
    warnings.warn("SECRET_KEY not configured, using a random temporary key.")

../../opt/venv/lib/python3.9/site-packages/_pytest/config/__init__.py:1474
  /opt/venv/lib/python3.9/site-packages/_pytest/config/__init__.py:1474: PytestConfigWarning: Unknown config option: asyncio_mode
  
    self._warn_or_fail_if_strict(f"Unknown config option: {key}\n")

-- Docs: https://docs.pytest.org/en/stable/how-to/capture-warnings.html
---- generated xml file: /workspace/2d45b76a52f2_p/2d45b76a52f2_p_r1_f1.xml ----
8 passed, 2 warnings in 1.94s
RUN_20_RC=0
................................                                         [100%]
=============================== warnings summary ===============================
saleor/settings.py:204
  /workspace/2d45b76a52f2_p/saleor/settings.py:204: UserWarning: SECRET_KEY not configured, using a random temporary key.
    warnings.warn("SECRET_KEY not configured, using a random temporary key.")

../../opt/venv/lib/python3.9/site-packages/_pytest/config/__init__.py:1474
  /opt/venv/lib/python3.9/site-packages/_pytest/config/__init__.py:1474: PytestConfigWarning: Unknown config option: asyncio_mode
  
    self._warn_or_fail_if_strict(f"Unknown config option: {key}\n")

-- Docs: https://docs.pytest.org/en/stable/how-to/capture-warnings.html
---- generated xml file: /workspace/2d45b76a52f2_p/2d45b76a52f2_p_r1_f2.xml ----
32 passed, 2 warnings in 4.55s
RUN_21_RC=0
.....................                                                    [100%]
=============================== warnings summary ===============================
saleor/settings.py:204
  /workspace/2d45b76a52f2_p/saleor/settings.py:204: UserWarning: SECRET_KEY not configured, using a random temporary key.
    warnings.warn("SECRET_KEY not configured, using a random temporary key.")

../../opt/venv/lib/python3.9/site-packages/_pytest/config/__init__.py:1474
  /opt/venv/lib/python3.9/site-packages/_pytest/config/__init__.py:1474: PytestConfigWarning: Unknown config option: asyncio_mode
  
    self._warn_or_fail_if_strict(f"Unknown config option: {key}\n")

-- Docs: https://docs.pytest.org/en/stable/how-to/capture-warnings.html
---- generated xml file: /workspace/2d45b76a52f2_p/2d45b76a52f2_p_r1_f3.xml ----
21 passed, 2 warnings in 4.06s
RUN_22_RC=0
............................................                             [100%]
=============================== warnings summary ===============================
saleor/settings.py:204
  /workspace/2d45b76a52f2_p/saleor/settings.py:204: UserWarning: SECRET_KEY not configured, using a random temporary key.
    warnings.warn("SECRET_KEY not configured, using a random temporary key.")

../../opt/venv/lib/python3.9/site-packages/_pytest/config/__init__.py:1474
  /opt/venv/lib/python3.9/site-packages/_pytest/config/__init__.py:1474: PytestConfigWarning: Unknown config option: asyncio_mode
  
    self._warn_or_fail_if_strict(f"Unknown config option: {key}\n")

-- Docs: https://docs.pytest.org/en/stable/how-to/capture-warnings.html
---- generated xml file: /workspace/2d45b76a52f2_p/2d45b76a52f2_p_r1_f4.xml ----
44 passed, 2 warnings in 7.66s
RUN_23_RC=0
..                                                                       [100%]
=============================== warnings summary ===============================
saleor/settings.py:204
  /workspace/2d45b76a52f2_p/saleor/settings.py:204: UserWarning: SECRET_KEY not configured, using a random temporary key.
    warnings.warn("SECRET_KEY not configured, using a random temporary key.")

../../opt/venv/lib/python3.9/site-packages/_pytest/config/__init__.py:1474
  /opt/venv/lib/python3.9/site-packages/_pytest/config/__init__.py:1474: PytestConfigWarning: Unknown config option: asyncio_mode
  
    self._warn_or_fail_if_strict(f"Unknown config option: {key}\n")

-- Docs: https://docs.pytest.org/en/stable/how-to/capture-warnings.html
---- generated xml file: /workspace/2d45b76a52f2_p/2d45b76a52f2_p_r1_f5.xml ----
2 passed, 2 warnings in 2.02s
RUN_24_RC=0
............                                                             [100%]
=============================== warnings summary ===============================
saleor/settings.py:204
  /workspace/2d45b76a52f2_p/saleor/settings.py:204: UserWarning: SECRET_KEY not configured, using a random temporary key.
    warnings.warn("SECRET_KEY not configured, using a random temporary key.")

../../opt/venv/lib/python3.9/site-packages/_pytest/config/__init__.py:1474
  /opt/venv/lib/python3.9/site-packages/_pytest/config/__init__.py:1474: PytestConfigWarning: Unknown config option: asyncio_mode
  
    self._warn_or_fail_if_strict(f"Unknown config option: {key}\n")

-- Docs: https://docs.pytest.org/en/stable/how-to/capture-warnings.html
---- generated xml file: /workspace/2d45b76a52f2_p/2d45b76a52f2_p_r1_f6.xml ----
12 passed, 2 warnings in 2.25s
RUN_25_RC=0
......                                                                   [100%]
=============================== warnings summary ===============================
saleor/settings.py:204
  /workspace/2d45b76a52f2_p/saleor/settings.py:204: UserWarning: SECRET_KEY not configured, using a random temporary key.
    warnings.warn("SECRET_KEY not configured, using a random temporary key.")

../../opt/venv/lib/python3.9/site-packages/_pytest/config/__init__.py:1474
  /opt/venv/lib/python3.9/site-packages/_pytest/config/__init__.py:1474: PytestConfigWarning: Unknown config option: asyncio_mode
  
    self._warn_or_fail_if_strict(f"Unknown config option: {key}\n")

-- Docs: https://docs.pytest.org/en/stable/how-to/capture-warnings.html
---- generated xml file: /workspace/2d45b76a52f2_p/2d45b76a52f2_p_r1_f7.xml ----
6 passed, 2 warnings in 2.39s
RUN_26_RC=0
....                                                                     [100%]
=============================== warnings summary ===============================
saleor/settings.py:204
  /workspace/2d45b76a52f2_p/saleor/settings.py:204: UserWarning: SECRET_KEY not configured, using a random temporary key.
    warnings.warn("SECRET_KEY not configured, using a random temporary key.")

../../opt/venv/lib/python3.9/site-packages/_pytest/config/__init__.py:1474
  /opt/venv/lib/python3.9/site-packages/_pytest/config/__init__.py:1474: PytestConfigWarning: Unknown config option: asyncio_mode
  
    self._warn_or_fail_if_strict(f"Unknown config option: {key}\n")

-- Docs: https://docs.pytest.org/en/stable/how-to/capture-warnings.html
---- generated xml file: /workspace/2d45b76a52f2_p/2d45b76a52f2_p_r1_f8.xml ----
4 passed, 2 warnings in 2.25s
RUN_27_RC=0
....                                                                     [100%]
=============================== warnings summary ===============================
saleor/settings.py:204
  /workspace/2d45b76a52f2_p/saleor/settings.py:204: UserWarning: SECRET_KEY not configured, using a random temporary key.
    warnings.warn("SECRET_KEY not configured, using a random temporary key.")

../../opt/venv/lib/python3.9/site-packages/_pytest/config/__init__.py:1474
  /opt/venv/lib/python3.9/site-packages/_pytest/config/__init__.py:1474: PytestConfigWarning: Unknown config option: asyncio_mode
  
    self._warn_or_fail_if_strict(f"Unknown config option: {key}\n")

-- Docs: https://docs.pytest.org/en/stable/how-to/capture-warnings.html
---- generated xml file: /workspace/2d45b76a52f2_p/2d45b76a52f2_p_r1_f9.xml ----
4 passed, 2 warnings in 2.10s
RUN_28_RC=0
........                                                                 [100%]
=============================== warnings summary ===============================
saleor/settings.py:204
  /workspace/2d45b76a52f2_p/saleor/settings.py:204: UserWarning: SECRET_KEY not configured, using a random temporary key.
    warnings.warn("SECRET_KEY not configured, using a random temporary key.")

../../opt/venv/lib/python3.9/site-packages/_pytest/config/__init__.py:1474
  /opt/venv/lib/python3.9/site-packages/_pytest/config/__init__.py:1474: PytestConfigWarning: Unknown config option: asyncio_mode
  
    self._warn_or_fail_if_strict(f"Unknown config option: {key}\n")

-- Docs: https://docs.pytest.org/en/stable/how-to/capture-warnings.html
--- generated xml file: /workspace/2d45b76a52f2_p/2d45b76a52f2_p_r1_f10.xml ----
8 passed, 2 warnings in 2.35s
RUN_29_RC=0
................................                                         [100%]
=============================== warnings summary ===============================
saleor/settings.py:204
  /workspace/2d45b76a52f2_p/saleor/settings.py:204: UserWarning: SECRET_KEY not configured, using a random temporary key.
    warnings.warn("SECRET_KEY not configured, using a random temporary key.")

../../opt/venv/lib/python3.9/site-packages/_pytest/config/__init__.py:1474
  /opt/venv/lib/python3.9/site-packages/_pytest/config/__init__.py:1474: PytestConfigWarning: Unknown config option: asyncio_mode
  
    self._warn_or_fail_if_strict(f"Unknown config option: {key}\n")

-- Docs: https://docs.pytest.org/en/stable/how-to/capture-warnings.html
---- generated xml file: /workspace/2d45b76a52f2_p/2d45b76a52f2_p_r0_f2.xml ----
32 passed, 2 warnings in 4.08s
RUN_2_RC=0
........                                                                 [100%]
=============================== warnings summary ===============================
saleor/settings.py:204
  /workspace/2d45b76a52f2_p/saleor/settings.py:204: UserWarning: SECRET_KEY not configured, using a random temporary key.
    warnings.warn("SECRET_KEY not configured, using a random temporary key.")

../../opt/venv/lib/python3.9/site-packages/_pytest/config/__init__.py:1474
  /opt/venv/lib/python3.9/site-packages/_pytest/config/__init__.py:1474: PytestConfigWarning: Unknown config option: asyncio_mode
  
    self._warn_or_fail_if_strict(f"Unknown config option: {key}\n")

-- Docs: https://docs.pytest.org/en/stable/how-to/capture-warnings.html
--- generated xml file: /workspace/2d45b76a52f2_p/2d45b76a52f2_p_r1_f11.xml ----
8 passed, 2 warnings in 3.13s
RUN_30_RC=0
...                                                                      [100%]
=============================== warnings summary ===============================
saleor/settings.py:204
  /workspace/2d45b76a52f2_p/saleor/settings.py:204: UserWarning: SECRET_KEY not configured, using a random temporary key.
    warnings.warn("SECRET_KEY not configured, using a random temporary key.")

../../opt/venv/lib/python3.9/site-packages/_pytest/config/__init__.py:1474
  /opt/venv/lib/python3.9/site-packages/_pytest/config/__init__.py:1474: PytestConfigWarning: Unknown config option: asyncio_mode
  
    self._warn_or_fail_if_strict(f"Unknown config option: {key}\n")

-- Docs: https://docs.pytest.org/en/stable/how-to/capture-warnings.html
--- generated xml file: /workspace/2d45b76a52f2_p/2d45b76a52f2_p_r1_f12.xml ----
3 passed, 2 warnings in 2.13s
RUN_31_RC=0
..                                                                       [100%]
=============================== warnings summary ===============================
saleor/settings.py:204
  /workspace/2d45b76a52f2_p/saleor/settings.py:204: UserWarning: SECRET_KEY not configured, using a random temporary key.
    warnings.warn("SECRET_KEY not configured, using a random temporary key.")

../../opt/venv/lib/python3.9/site-packages/_pytest/config/__init__.py:1474
  /opt/venv/lib/python3.9/site-packages/_pytest/config/__init__.py:1474: PytestConfigWarning: Unknown config option: asyncio_mode
  
    self._warn_or_fail_if_strict(f"Unknown config option: {key}\n")

-- Docs: https://docs.pytest.org/en/stable/how-to/capture-warnings.html
--- generated xml file: /workspace/2d45b76a52f2_p/2d45b76a52f2_p_r1_f13.xml ----
2 passed, 2 warnings in 1.95s
RUN_32_RC=0
.....                                                                    [100%]
=============================== warnings summary ===============================
saleor/settings.py:204
  /workspace/2d45b76a52f2_p/saleor/settings.py:204: UserWarning: SECRET_KEY not configured, using a random temporary key.
    warnings.warn("SECRET_KEY not configured, using a random temporary key.")

../../opt/venv/lib/python3.9/site-packages/_pytest/config/__init__.py:1474
  /opt/venv/lib/python3.9/site-packages/_pytest/config/__init__.py:1474: PytestConfigWarning: Unknown config option: asyncio_mode
  
    self._warn_or_fail_if_strict(f"Unknown config option: {key}\n")

-- Docs: https://docs.pytest.org/en/stable/how-to/capture-warnings.html
--- generated xml file: /workspace/2d45b76a52f2_p/2d45b76a52f2_p_r1_f14.xml ----
5 passed, 2 warnings in 2.58s
RUN_33_RC=0
...                                                                      [100%]
=============================== warnings summary ===============================
saleor/settings.py:204
  /workspace/2d45b76a52f2_p/saleor/settings.py:204: UserWarning: SECRET_KEY not configured, using a random temporary key.
    warnings.warn("SECRET_KEY not configured, using a random temporary key.")

../../opt/venv/lib/python3.9/site-packages/_pytest/config/__init__.py:1474
  /opt/venv/lib/python3.9/site-packages/_pytest/config/__init__.py:1474: PytestConfigWarning: Unknown config option: asyncio_mode
  
    self._warn_or_fail_if_strict(f"Unknown config option: {key}\n")

-- Docs: https://docs.pytest.org/en/stable/how-to/capture-warnings.html
--- generated xml file: /workspace/2d45b76a52f2_p/2d45b76a52f2_p_r1_f15.xml ----
3 passed, 2 warnings in 2.13s
RUN_34_RC=0
...                                                                      [100%]
=============================== warnings summary ===============================
saleor/settings.py:204
  /workspace/2d45b76a52f2_p/saleor/settings.py:204: UserWarning: SECRET_KEY not configured, using a random temporary key.
    warnings.warn("SECRET_KEY not configured, using a random temporary key.")

../../opt/venv/lib/python3.9/site-packages/_pytest/config/__init__.py:1474
  /opt/venv/lib/python3.9/site-packages/_pytest/config/__init__.py:1474: PytestConfigWarning: Unknown config option: asyncio_mode
  
    self._warn_or_fail_if_strict(f"Unknown config option: {key}\n")

-- Docs: https://docs.pytest.org/en/stable/how-to/capture-warnings.html
--- generated xml file: /workspace/2d45b76a52f2_p/2d45b76a52f2_p_r1_f16.xml ----
3 passed, 2 warnings in 2.19s
RUN_35_RC=0
.                                                                        [100%]
=============================== warnings summary ===============================
saleor/settings.py:204
  /workspace/2d45b76a52f2_p/saleor/settings.py:204: UserWarning: SECRET_KEY not configured, using a random temporary key.
    warnings.warn("SECRET_KEY not configured, using a random temporary key.")

../../opt/venv/lib/python3.9/site-packages/_pytest/config/__init__.py:1474
  /opt/venv/lib/python3.9/site-packages/_pytest/config/__init__.py:1474: PytestConfigWarning: Unknown config option: asyncio_mode
  
    self._warn_or_fail_if_strict(f"Unknown config option: {key}\n")

-- Docs: https://docs.pytest.org/en/stable/how-to/capture-warnings.html
--- generated xml file: /workspace/2d45b76a52f2_p/2d45b76a52f2_p_r1_f17.xml ----
1 passed, 2 warnings in 2.02s
RUN_36_RC=0
......                                                                   [100%]
=============================== warnings summary ===============================
saleor/settings.py:204
  /workspace/2d45b76a52f2_p/saleor/settings.py:204: UserWarning: SECRET_KEY not configured, using a random temporary key.
    warnings.warn("SECRET_KEY not configured, using a random temporary key.")

../../opt/venv/lib/python3.9/site-packages/_pytest/config/__init__.py:1474
  /opt/venv/lib/python3.9/site-packages/_pytest/config/__init__.py:1474: PytestConfigWarning: Unknown config option: asyncio_mode
  
    self._warn_or_fail_if_strict(f"Unknown config option: {key}\n")

-- Docs: https://docs.pytest.org/en/stable/how-to/capture-warnings.html
--- generated xml file: /workspace/2d45b76a52f2_p/2d45b76a52f2_p_r1_f18.xml ----
6 passed, 2 warnings in 2.17s
RUN_37_RC=0
....                                                                     [100%]
=============================== warnings summary ===============================
saleor/settings.py:204
  /workspace/2d45b76a52f2_p/saleor/settings.py:204: UserWarning: SECRET_KEY not configured, using a random temporary key.
    warnings.warn("SECRET_KEY not configured, using a random temporary key.")

../../opt/venv/lib/python3.9/site-packages/_pytest/config/__init__.py:1474
  /opt/venv/lib/python3.9/site-packages/_pytest/config/__init__.py:1474: PytestConfigWarning: Unknown config option: asyncio_mode
  
    self._warn_or_fail_if_strict(f"Unknown config option: {key}\n")

-- Docs: https://docs.pytest.org/en/stable/how-to/capture-warnings.html
---- generated xml file: /workspace/2d45b76a52f2_p/2d45b76a52f2_p_r2_f0.xml ----
4 passed, 2 warnings in 2.09s
RUN_38_RC=0
........                                                                 [100%]
=============================== warnings summary ===============================
saleor/settings.py:204
  /workspace/2d45b76a52f2_p/saleor/settings.py:204: UserWarning: SECRET_KEY not configured, using a random temporary key.
    warnings.warn("SECRET_KEY not configured, using a random temporary key.")

../../opt/venv/lib/python3.9/site-packages/_pytest/config/__init__.py:1474
  /opt/venv/lib/python3.9/site-packages/_pytest/config/__init__.py:1474: PytestConfigWarning: Unknown config option: asyncio_mode
  
    self._warn_or_fail_if_strict(f"Unknown config option: {key}\n")

-- Docs: https://docs.pytest.org/en/stable/how-to/capture-warnings.html
---- generated xml file: /workspace/2d45b76a52f2_p/2d45b76a52f2_p_r2_f1.xml ----
8 passed, 2 warnings in 2.16s
RUN_39_RC=0
.....................                                                    [100%]
=============================== warnings summary ===============================
saleor/settings.py:204
  /workspace/2d45b76a52f2_p/saleor/settings.py:204: UserWarning: SECRET_KEY not configured, using a random temporary key.
    warnings.warn("SECRET_KEY not configured, using a random temporary key.")

../../opt/venv/lib/python3.9/site-packages/_pytest/config/__init__.py:1474
  /opt/venv/lib/python3.9/site-packages/_pytest/config/__init__.py:1474: PytestConfigWarning: Unknown config option: asyncio_mode
  
    self._warn_or_fail_if_strict(f"Unknown config option: {key}\n")

-- Docs: https://docs.pytest.org/en/stable/how-to/capture-warnings.html
---- generated xml file: /workspace/2d45b76a52f2_p/2d45b76a52f2_p_r0_f3.xml ----
21 passed, 2 warnings in 3.32s
RUN_3_RC=0
................................                                         [100%]
=============================== warnings summary ===============================
saleor/settings.py:204
  /workspace/2d45b76a52f2_p/saleor/settings.py:204: UserWarning: SECRET_KEY not configured, using a random temporary key.
    warnings.warn("SECRET_KEY not configured, using a random temporary key.")

../../opt/venv/lib/python3.9/site-packages/_pytest/config/__init__.py:1474
  /opt/venv/lib/python3.9/site-packages/_pytest/config/__init__.py:1474: PytestConfigWarning: Unknown config option: asyncio_mode
  
    self._warn_or_fail_if_strict(f"Unknown config option: {key}\n")

-- Docs: https://docs.pytest.org/en/stable/how-to/capture-warnings.html
---- generated xml file: /workspace/2d45b76a52f2_p/2d45b76a52f2_p_r2_f2.xml ----
32 passed, 2 warnings in 4.23s
RUN_40_RC=0
.....................                                                    [100%]
=============================== warnings summary ===============================
saleor/settings.py:204
  /workspace/2d45b76a52f2_p/saleor/settings.py:204: UserWarning: SECRET_KEY not configured, using a random temporary key.
    warnings.warn("SECRET_KEY not configured, using a random temporary key.")

../../opt/venv/lib/python3.9/site-packages/_pytest/config/__init__.py:1474
  /opt/venv/lib/python3.9/site-packages/_pytest/config/__init__.py:1474: PytestConfigWarning: Unknown config option: asyncio_mode
  
    self._warn_or_fail_if_strict(f"Unknown config option: {key}\n")

-- Docs: https://docs.pytest.org/en/stable/how-to/capture-warnings.html
---- generated xml file: /workspace/2d45b76a52f2_p/2d45b76a52f2_p_r2_f3.xml ----
21 passed, 2 warnings in 3.70s
RUN_41_RC=0
............................................                             [100%]
=============================== warnings summary ===============================
saleor/settings.py:204
  /workspace/2d45b76a52f2_p/saleor/settings.py:204: UserWarning: SECRET_KEY not configured, using a random temporary key.
    warnings.warn("SECRET_KEY not configured, using a random temporary key.")

../../opt/venv/lib/python3.9/site-packages/_pytest/config/__init__.py:1474
  /opt/venv/lib/python3.9/site-packages/_pytest/config/__init__.py:1474: PytestConfigWarning: Unknown config option: asyncio_mode
  
    self._warn_or_fail_if_strict(f"Unknown config option: {key}\n")

-- Docs: https://docs.pytest.org/en/stable/how-to/capture-warnings.html
---- generated xml file: /workspace/2d45b76a52f2_p/2d45b76a52f2_p_r2_f4.xml ----
44 passed, 2 warnings in 7.13s
RUN_42_RC=0
..                                                                       [100%]
=============================== warnings summary ===============================
saleor/settings.py:204
  /workspace/2d45b76a52f2_p/saleor/settings.py:204: UserWarning: SECRET_KEY not configured, using a random temporary key.
    warnings.warn("SECRET_KEY not configured, using a random temporary key.")

../../opt/venv/lib/python3.9/site-packages/_pytest/config/__init__.py:1474
  /opt/venv/lib/python3.9/site-packages/_pytest/config/__init__.py:1474: PytestConfigWarning: Unknown config option: asyncio_mode
  
    self._warn_or_fail_if_strict(f"Unknown config option: {key}\n")

-- Docs: https://docs.pytest.org/en/stable/how-to/capture-warnings.html
---- generated xml file: /workspace/2d45b76a52f2_p/2d45b76a52f2_p_r2_f5.xml ----
2 passed, 2 warnings in 2.18s
RUN_43_RC=0
............                                                             [100%]
=============================== warnings summary ===============================
saleor/settings.py:204
  /workspace/2d45b76a52f2_p/saleor/settings.py:204: UserWarning: SECRET_KEY not configured, using a random temporary key.
    warnings.warn("SECRET_KEY not configured, using a random temporary key.")

../../opt/venv/lib/python3.9/site-packages/_pytest/config/__init__.py:1474
  /opt/venv/lib/python3.9/site-packages/_pytest/config/__init__.py:1474: PytestConfigWarning: Unknown config option: asyncio_mode
  
    self._warn_or_fail_if_strict(f"Unknown config option: {key}\n")

-- Docs: https://docs.pytest.org/en/stable/how-to/capture-warnings.html
---- generated xml file: /workspace/2d45b76a52f2_p/2d45b76a52f2_p_r2_f6.xml ----
12 passed, 2 warnings in 2.17s
RUN_44_RC=0
......                                                                   [100%]
=============================== warnings summary ===============================
saleor/settings.py:204
  /workspace/2d45b76a52f2_p/saleor/settings.py:204: UserWarning: SECRET_KEY not configured, using a random temporary key.
    warnings.warn("SECRET_KEY not configured, using a random temporary key.")

../../opt/venv/lib/python3.9/site-packages/_pytest/config/__init__.py:1474
  /opt/venv/lib/python3.9/site-packages/_pytest/config/__init__.py:1474: PytestConfigWarning: Unknown config option: asyncio_mode
  
    self._warn_or_fail_if_strict(f"Unknown config option: {key}\n")

-- Docs: https://docs.pytest.org/en/stable/how-to/capture-warnings.html
---- generated xml file: /workspace/2d45b76a52f2_p/2d45b76a52f2_p_r2_f7.xml ----
6 passed, 2 warnings in 2.30s
RUN_45_RC=0
....                                                                     [100%]
=============================== warnings summary ===============================
saleor/settings.py:204
  /workspace/2d45b76a52f2_p/saleor/settings.py:204: UserWarning: SECRET_KEY not configured, using a random temporary key.
    warnings.warn("SECRET_KEY not configured, using a random temporary key.")

../../opt/venv/lib/python3.9/site-packages/_pytest/config/__init__.py:1474
  /opt/venv/lib/python3.9/site-packages/_pytest/config/__init__.py:1474: PytestConfigWarning: Unknown config option: asyncio_mode
  
    self._warn_or_fail_if_strict(f"Unknown config option: {key}\n")

-- Docs: https://docs.pytest.org/en/stable/how-to/capture-warnings.html
---- generated xml file: /workspace/2d45b76a52f2_p/2d45b76a52f2_p_r2_f8.xml ----
4 passed, 2 warnings in 2.22s
RUN_46_RC=0
....                                                                     [100%]
=============================== warnings summary ===============================
saleor/settings.py:204
  /workspace/2d45b76a52f2_p/saleor/settings.py:204: UserWarning: SECRET_KEY not configured, using a random temporary key.
    warnings.warn("SECRET_KEY not configured, using a random temporary key.")

../../opt/venv/lib/python3.9/site-packages/_pytest/config/__init__.py:1474
  /opt/venv/lib/python3.9/site-packages/_pytest/config/__init__.py:1474: PytestConfigWarning: Unknown config option: asyncio_mode
  
    self._warn_or_fail_if_strict(f"Unknown config option: {key}\n")

-- Docs: https://docs.pytest.org/en/stable/how-to/capture-warnings.html
---- generated xml file: /workspace/2d45b76a52f2_p/2d45b76a52f2_p_r2_f9.xml ----
4 passed, 2 warnings in 2.25s
RUN_47_RC=0
........                                                                 [100%]
=============================== warnings summary ===============================
saleor/settings.py:204
  /workspace/2d45b76a52f2_p/saleor/settings.py:204: UserWarning: SECRET_KEY not configured, using a random temporary key.
    warnings.warn("SECRET_KEY not configured, using a random temporary key.")

../../opt/venv/lib/python3.9/site-packages/_pytest/config/__init__.py:1474
  /opt/venv/lib/python3.9/site-packages/_pytest/config/__init__.py:1474: PytestConfigWarning: Unknown config option: asyncio_mode
  
    self._warn_or_fail_if_strict(f"Unknown config option: {key}\n")

-- Docs: https://docs.pytest.org/en/stable/how-to/capture-warnings.html
--- generated xml file: /workspace/2d45b76a52f2_p/2d45b76a52f2_p_r2_f10.xml ----
8 passed, 2 warnings in 2.29s
RUN_48_RC=0
........                                                                 [100%]
=============================== warnings summary ===============================
saleor/settings.py:204
  /workspace/2d45b76a52f2_p/saleor/settings.py:204: UserWarning: SECRET_KEY not configured, using a random temporary key.
    warnings.warn("SECRET_KEY not configured, using a random temporary key.")

../../opt/venv/lib/python3.9/site-packages/_pytest/config/__init__.py:1474
  /opt/venv/lib/python3.9/site-packages/_pytest/config/__init__.py:1474: PytestConfigWarning: Unknown config option: asyncio_mode
  
    self._warn_or_fail_if_strict(f"Unknown config option: {key}\n")

-- Docs: https://docs.pytest.org/en/stable/how-to/capture-warnings.html
--- generated xml file: /workspace/2d45b76a52f2_p/2d45b76a52f2_p_r2_f11.xml ----
8 passed, 2 warnings in 3.06s
RUN_49_RC=0
............................................                             [100%]
=============================== warnings summary ===============================
saleor/settings.py:204
  /workspace/2d45b76a52f2_p/saleor/settings.py:204: UserWarning: SECRET_KEY not configured, using a random temporary key.
    warnings.warn("SECRET_KEY not configured, using a random temporary key.")

../../opt/venv/lib/python3.9/site-packages/_pytest/config/__init__.py:1474
  /opt/venv/lib/python3.9/site-packages/_pytest/config/__init__.py:1474: PytestConfigWarning: Unknown config option: asyncio_mode
  
    self._warn_or_fail_if_strict(f"Unknown config option: {key}\n")

-- Docs: https://docs.pytest.org/en/stable/how-to/capture-warnings.html
---- generated xml file: /workspace/2d45b76a52f2_p/2d45b76a52f2_p_r0_f4.xml ----
44 passed, 2 warnings in 7.11s
RUN_4_RC=0
...                                                                      [100%]
=============================== warnings summary ===============================
saleor/settings.py:204
  /workspace/2d45b76a52f2_p/saleor/settings.py:204: UserWarning: SECRET_KEY not configured, using a random temporary key.
    warnings.warn("SECRET_KEY not configured, using a random temporary key.")

../../opt/venv/lib/python3.9/site-packages/_pytest/config/__init__.py:1474
  /opt/venv/lib/python3.9/site-packages/_pytest/config/__init__.py:1474: PytestConfigWarning: Unknown config option: asyncio_mode
  
    self._warn_or_fail_if_strict(f"Unknown config option: {key}\n")

-- Docs: https://docs.pytest.org/en/stable/how-to/capture-warnings.html
--- generated xml file: /workspace/2d45b76a52f2_p/2d45b76a52f2_p_r2_f12.xml ----
3 passed, 2 warnings in 2.02s
RUN_50_RC=0
..                                                                       [100%]
=============================== warnings summary ===============================
saleor/settings.py:204
  /workspace/2d45b76a52f2_p/saleor/settings.py:204: UserWarning: SECRET_KEY not configured, using a random temporary key.
    warnings.warn("SECRET_KEY not configured, using a random temporary key.")

../../opt/venv/lib/python3.9/site-packages/_pytest/config/__init__.py:1474
  /opt/venv/lib/python3.9/site-packages/_pytest/config/__init__.py:1474: PytestConfigWarning: Unknown config option: asyncio_mode
  
    self._warn_or_fail_if_strict(f"Unknown config option: {key}\n")

-- Docs: https://docs.pytest.org/en/stable/how-to/capture-warnings.html
--- generated xml file: /workspace/2d45b76a52f2_p/2d45b76a52f2_p_r2_f13.xml ----
2 passed, 2 warnings in 1.96s
RUN_51_RC=0
.....                                                                    [100%]
=============================== warnings summary ===============================
saleor/settings.py:204
  /workspace/2d45b76a52f2_p/saleor/settings.py:204: UserWarning: SECRET_KEY not configured, using a random temporary key.
    warnings.warn("SECRET_KEY not configured, using a random temporary key.")

../../opt/venv/lib/python3.9/site-packages/_pytest/config/__init__.py:1474
  /opt/venv/lib/python3.9/site-packages/_pytest/config/__init__.py:1474: PytestConfigWarning: Unknown config option: asyncio_mode
  
    self._warn_or_fail_if_strict(f"Unknown config option: {key}\n")

-- Docs: https://docs.pytest.org/en/stable/how-to/capture-warnings.html
--- generated xml file: /workspace/2d45b76a52f2_p/2d45b76a52f2_p_r2_f14.xml ----
5 passed, 2 warnings in 2.48s
RUN_52_RC=0
...                                                                      [100%]
=============================== warnings summary ===============================
saleor/settings.py:204
  /workspace/2d45b76a52f2_p/saleor/settings.py:204: UserWarning: SECRET_KEY not configured, using a random temporary key.
    warnings.warn("SECRET_KEY not configured, using a random temporary key.")

../../opt/venv/lib/python3.9/site-packages/_pytest/config/__init__.py:1474
  /opt/venv/lib/python3.9/site-packages/_pytest/config/__init__.py:1474: PytestConfigWarning: Unknown config option: asyncio_mode
  
    self._warn_or_fail_if_strict(f"Unknown config option: {key}\n")

-- Docs: https://docs.pytest.org/en/stable/how-to/capture-warnings.html
--- generated xml file: /workspace/2d45b76a52f2_p/2d45b76a52f2_p_r2_f15.xml ----
3 passed, 2 warnings in 2.04s
RUN_53_RC=0
...                                                                      [100%]
=============================== warnings summary ===============================
saleor/settings.py:204
  /workspace/2d45b76a52f2_p/saleor/settings.py:204: UserWarning: SECRET_KEY not configured, using a random temporary key.
    warnings.warn("SECRET_KEY not configured, using a random temporary key.")

../../opt/venv/lib/python3.9/site-packages/_pytest/config/__init__.py:1474
  /opt/venv/lib/python3.9/site-packages/_pytest/config/__init__.py:1474: PytestConfigWarning: Unknown config option: asyncio_mode
  
    self._warn_or_fail_if_strict(f"Unknown config option: {key}\n")

-- Docs: https://docs.pytest.org/en/stable/how-to/capture-warnings.html
--- generated xml file: /workspace/2d45b76a52f2_p/2d45b76a52f2_p_r2_f16.xml ----
3 passed, 2 warnings in 1.97s
RUN_54_RC=0
.                                                                        [100%]
=============================== warnings summary ===============================
saleor/settings.py:204
  /workspace/2d45b76a52f2_p/saleor/settings.py:204: UserWarning: SECRET_KEY not configured, using a random temporary key.
    warnings.warn("SECRET_KEY not configured, using a random temporary key.")

../../opt/venv/lib/python3.9/site-packages/_pytest/config/__init__.py:1474
  /opt/venv/lib/python3.9/site-packages/_pytest/config/__init__.py:1474: PytestConfigWarning: Unknown config option: asyncio_mode
  
    self._warn_or_fail_if_strict(f"Unknown config option: {key}\n")

-- Docs: https://docs.pytest.org/en/stable/how-to/capture-warnings.html
--- generated xml file: /workspace/2d45b76a52f2_p/2d45b76a52f2_p_r2_f17.xml ----
1 passed, 2 warnings in 2.02s
RUN_55_RC=0
......                                                                   [100%]
=============================== warnings summary ===============================
saleor/settings.py:204
  /workspace/2d45b76a52f2_p/saleor/settings.py:204: UserWarning: SECRET_KEY not configured, using a random temporary key.
    warnings.warn("SECRET_KEY not configured, using a random temporary key.")

../../opt/venv/lib/python3.9/site-packages/_pytest/config/__init__.py:1474
  /opt/venv/lib/python3.9/site-packages/_pytest/config/__init__.py:1474: PytestConfigWarning: Unknown config option: asyncio_mode
  
    self._warn_or_fail_if_strict(f"Unknown config option: {key}\n")

-- Docs: https://docs.pytest.org/en/stable/how-to/capture-warnings.html
--- generated xml file: /workspace/2d45b76a52f2_p/2d45b76a52f2_p_r2_f18.xml ----
6 passed, 2 warnings in 2.13s
RUN_56_RC=0
..                                                                       [100%]
=============================== warnings summary ===============================
saleor/settings.py:204
  /workspace/2d45b76a52f2_p/saleor/settings.py:204: UserWarning: SECRET_KEY not configured, using a random temporary key.
    warnings.warn("SECRET_KEY not configured, using a random temporary key.")

../../opt/venv/lib/python3.9/site-packages/_pytest/config/__init__.py:1474
  /opt/venv/lib/python3.9/site-packages/_pytest/config/__init__.py:1474: PytestConfigWarning: Unknown config option: asyncio_mode
  
    self._warn_or_fail_if_strict(f"Unknown config option: {key}\n")

-- Docs: https://docs.pytest.org/en/stable/how-to/capture-warnings.html
---- generated xml file: /workspace/2d45b76a52f2_p/2d45b76a52f2_p_r0_f5.xml ----
2 passed, 2 warnings in 1.98s
RUN_5_RC=0
............                                                             [100%]
=============================== warnings summary ===============================
saleor/settings.py:204
  /workspace/2d45b76a52f2_p/saleor/settings.py:204: UserWarning: SECRET_KEY not configured, using a random temporary key.
    warnings.warn("SECRET_KEY not configured, using a random temporary key.")

../../opt/venv/lib/python3.9/site-packages/_pytest/config/__init__.py:1474
  /opt/venv/lib/python3.9/site-packages/_pytest/config/__init__.py:1474: PytestConfigWarning: Unknown config option: asyncio_mode
  
    self._warn_or_fail_if_strict(f"Unknown config option: {key}\n")

-- Docs: https://docs.pytest.org/en/stable/how-to/capture-warnings.html
---- generated xml file: /workspace/2d45b76a52f2_p/2d45b76a52f2_p_r0_f6.xml ----
12 passed, 2 warnings in 2.11s
RUN_6_RC=0
......                                                                   [100%]
=============================== warnings summary ===============================
saleor/settings.py:204
  /workspace/2d45b76a52f2_p/saleor/settings.py:204: UserWarning: SECRET_KEY not configured, using a random temporary key.
    warnings.warn("SECRET_KEY not configured, using a random temporary key.")

../../opt/venv/lib/python3.9/site-packages/_pytest/config/__init__.py:1474
  /opt/venv/lib/python3.9/site-packages/_pytest/config/__init__.py:1474: PytestConfigWarning: Unknown config option: asyncio_mode
  
    self._warn_or_fail_if_strict(f"Unknown config option: {key}\n")

-- Docs: https://docs.pytest.org/en/stable/how-to/capture-warnings.html
---- generated xml file: /workspace/2d45b76a52f2_p/2d45b76a52f2_p_r0_f7.xml ----
6 passed, 2 warnings in 1.99s
RUN_7_RC=0
....                                                                     [100%]
=============================== warnings summary ===============================
saleor/settings.py:204
  /workspace/2d45b76a52f2_p/saleor/settings.py:204: UserWarning: SECRET_KEY not configured, using a random temporary key.
    warnings.warn("SECRET_KEY not configured, using a random temporary key.")

../../opt/venv/lib/python3.9/site-packages/_pytest/config/__init__.py:1474
  /opt/venv/lib/python3.9/site-packages/_pytest/config/__init__.py:1474: PytestConfigWarning: Unknown config option: asyncio_mode
  
    self._warn_or_fail_if_strict(f"Unknown config option: {key}\n")

-- Docs: https://docs.pytest.org/en/stable/how-to/capture-warnings.html
---- generated xml file: /workspace/2d45b76a52f2_p/2d45b76a52f2_p_r0_f8.xml ----
4 passed, 2 warnings in 2.30s
RUN_8_RC=0
....                                                                     [100%]
=============================== warnings summary ===============================
saleor/settings.py:204
  /workspace/2d45b76a52f2_p/saleor/settings.py:204: UserWarning: SECRET_KEY not configured, using a random temporary key.
    warnings.warn("SECRET_KEY not configured, using a random temporary key.")

../../opt/venv/lib/python3.9/site-packages/_pytest/config/__init__.py:1474
  /opt/venv/lib/python3.9/site-packages/_pytest/config/__init__.py:1474: PytestConfigWarning: Unknown config option: asyncio_mode
  
    self._warn_or_fail_if_strict(f"Unknown config option: {key}\n")

-- Docs: https://docs.pytest.org/en/stable/how-to/capture-warnings.html
---- generated xml file: /workspace/2d45b76a52f2_p/2d45b76a52f2_p_r0_f9.xml ----
4 passed, 2 warnings in 1.82s
RUN_9_RC=0
