=== PILOT REPOSITORY ENVIRONMENT PROVISIONING ===
host python: /opt/hostedtoolcache/Python/3.12.14/x64/bin/python
source tag:  v0.9.20-pilot-exec-ready-candidate
START python version probe
END python version probe elapsed=0s exit=0
START provision_uv_tool (rebuild: env path absent)
Creating no-pip venv /home/runner/work/dependency-aware-selective-regeneration-benchmark/dependency-aware-selective-regeneration-benchmark/.pilot-target-preflight/envs/tools with /opt/hostedtoolcache/Python/3.12.14/x64/bin/python (--without-pip; ensurepip never runs)
START venv --without-pip
END venv --without-pip elapsed=0s exit=0
START python version probe
END python version probe elapsed=0s exit=0
START python version probe
END python version probe elapsed=0s exit=0
START venv isolation probe
END venv isolation probe elapsed=0s exit=0
START host pip --python capability probe
END host pip --python capability probe elapsed=0s exit=0
START host pip --python install (isolated target env)
END host pip --python install (isolated target env) elapsed=3s exit=0
START uv version probe
END uv version probe elapsed=0s exit=0
END provision_uv_tool: uv 0.12.5 (x86_64-unknown-linux-gnu) at /home/runner/work/dependency-aware-selective-regeneration-benchmark/dependency-aware-selective-regeneration-benchmark/.pilot-target-preflight/envs/tools/bin/uv
START python version probe
END python version probe elapsed=0s exit=0
START provision_djangocms (rebuild: env path absent)
Creating no-pip venv /home/runner/work/dependency-aware-selective-regeneration-benchmark/dependency-aware-selective-regeneration-benchmark/.pilot-target-preflight/envs/djangocms with /opt/hostedtoolcache/Python/3.12.14/x64/bin/python (--without-pip; ensurepip never runs)
START venv --without-pip
END venv --without-pip elapsed=0s exit=0
START python version probe
END python version probe elapsed=0s exit=0
START python version probe
END python version probe elapsed=0s exit=0
START venv isolation probe
END venv isolation probe elapsed=0s exit=0
START uv pip install (isolated target env)
END uv pip install (isolated target env) elapsed=5s exit=0
START django 5.0 + cms probe
END django 5.0 + cms probe elapsed=0s exit=0
START django version probe
END django version probe elapsed=0s exit=0
END provision_djangocms: Django 5.0.14 at /home/runner/work/dependency-aware-selective-regeneration-benchmark/dependency-aware-selective-regeneration-benchmark/.pilot-target-preflight/envs/djangocms/bin/python
START provision_saleor (rebuild: env path absent)
Copying exact frozen Saleor snapshot to /home/runner/work/dependency-aware-selective-regeneration-benchmark/dependency-aware-selective-regeneration-benchmark/.pilot-target-preflight/envs/saleor
Creating Saleor .venv with EXISTING Python /opt/hostedtoolcache/Python/3.12.14/x64/bin/python3.12 (UV_PYTHON_DOWNLOADS=never)
START uv venv .venv (existing 3.12)
END uv venv .venv (existing 3.12) elapsed=0s exit=0
START python version probe
END python version probe elapsed=0s exit=0
Running uv sync --locked in the Saleor working copy
START uv sync --locked
END uv sync --locked elapsed=11s exit=0
START import saleor probe
END import saleor probe elapsed=1s exit=0
END provision_saleor: PASSED at /home/runner/work/dependency-aware-selective-regeneration-benchmark/dependency-aware-selective-regeneration-benchmark/.pilot-target-preflight/envs/saleor/.venv/bin/python
=== PILOT REPOSITORY ENVIRONMENT PROVISIONING: PASSED (elapsed=20.7s) ===
